Component: ARM Compiler 5.06 update 5 (build 528) Tool: armlink [4d35e2]

==============================================================================

Section Cross References

    main.o(i.ADC1_CMP_IRQHandler) refers to at32f421_wdt.o(i.wdt_counter_reload) for wdt_counter_reload
    main.o(i.ADC1_CMP_IRQHandler) refers to at32f421_gpio.o(i.gpio_bits_set) for gpio_bits_set
    main.o(i.TMR6_GLOBAL_IRQHandler) refers to at32f421_gpio.o(i.gpio_bits_set) for gpio_bits_set
    main.o(i.TMR6_GLOBAL_IRQHandler) refers to main.o(i.delay) for delay
    main.o(i.TMR6_GLOBAL_IRQHandler) refers to at32f421_gpio.o(i.gpio_bits_reset) for gpio_bits_reset
    main.o(i.TMR6_GLOBAL_IRQHandler) refers to at32f421_tmr.o(i.tmr_period_value_set) for tmr_period_value_set
    main.o(i.gpio_set) refers to at32f421_gpio.o(i.gpio_init) for gpio_init
    main.o(i.main) refers to at32f421_crm.o(i.crm_periph_clock_enable) for crm_periph_clock_enable
    main.o(i.main) refers to main.o(i.timer_init) for timer_init
    main.o(i.main) refers to at32f421_exint.o(i.exint_default_para_init) for exint_default_para_init
    main.o(i.main) refers to at32f421_exint.o(i.exint_init) for exint_init
    main.o(i.main) refers to at32f421_exint.o(i.exint_event_enable) for exint_event_enable
    main.o(i.main) refers to at32f421_exint.o(i.exint_interrupt_enable) for exint_interrupt_enable
    main.o(i.main) refers to at32f421_wdt.o(i.wdt_register_write_enable) for wdt_register_write_enable
    main.o(i.main) refers to at32f421_wdt.o(i.wdt_divider_set) for wdt_divider_set
    main.o(i.main) refers to main.o(i.gpio_set) for gpio_set
    main.o(i.main) refers to at32f421_misc.o(i.nvic_irq_enable) for nvic_irq_enable
    main.o(i.main) refers to at32f421_cmp.o(i.cmp_default_para_init) for cmp_default_para_init
    main.o(i.main) refers to at32f421_cmp.o(i.cmp_enable) for cmp_enable
    main.o(i.main) refers to at32f421_gpio.o(i.gpio_bits_set) for gpio_bits_set
    main.o(i.main) refers to main.o(i.delay) for delay
    main.o(i.main) refers to at32f421_gpio.o(i.gpio_bits_reset) for gpio_bits_reset
    main.o(i.main) refers to main.o(.data) for exi_def
    main.o(i.timer_init) refers to at32f421_misc.o(i.nvic_irq_enable) for nvic_irq_enable
    main.o(i.timer_init) refers to at32f421_tmr.o(i.tmr_channel_buffer_enable) for tmr_channel_buffer_enable
    main.o(i.timer_init) refers to at32f421_tmr.o(i.tmr_base_init) for tmr_base_init
    main.o(i.timer_init) refers to at32f421_tmr.o(i.tmr_counter_enable) for tmr_counter_enable
    at32f421_adc.o(i.adc_reset) refers to at32f421_crm.o(i.crm_periph_reset) for crm_periph_reset
    at32f421_cmp.o(i.cmp_reset) refers to at32f421_crm.o(i.crm_periph_reset) for crm_periph_reset
    at32f421_crm.o(i.crm_clocks_freq_get) refers to at32f421_crm.o(i.crm_sysclk_switch_status_get) for crm_sysclk_switch_status_get
    at32f421_crm.o(i.crm_clocks_freq_get) refers to lludivv7m.o(.text) for __aeabi_uldivmod
    at32f421_crm.o(i.crm_clocks_freq_get) refers to at32f421_crm.o(.constdata) for sclk_ahb_div_table
    at32f421_crm.o(i.crm_hext_stable_wait) refers to at32f421_crm.o(i.crm_flag_get) for crm_flag_get
    at32f421_crm.o(i.crm_hick_sclk_frequency_select) refers to at32f421_crm.o(i.crm_hick_divider_select) for crm_hick_divider_select
    at32f421_ertc.o(i.ertc_alarm_enable) refers to at32f421_ertc.o(i.ertc_write_protect_disable) for ertc_write_protect_disable
    at32f421_ertc.o(i.ertc_alarm_enable) refers to at32f421_ertc.o(i.ertc_wait_flag) for ertc_wait_flag
    at32f421_ertc.o(i.ertc_alarm_enable) refers to at32f421_ertc.o(i.ertc_write_protect_enable) for ertc_write_protect_enable
    at32f421_ertc.o(i.ertc_alarm_get) refers to at32f421_ertc.o(i.ertc_bcd_to_num) for ertc_bcd_to_num
    at32f421_ertc.o(i.ertc_alarm_mask_set) refers to at32f421_ertc.o(i.ertc_write_protect_disable) for ertc_write_protect_disable
    at32f421_ertc.o(i.ertc_alarm_mask_set) refers to at32f421_ertc.o(i.ertc_write_protect_enable) for ertc_write_protect_enable
    at32f421_ertc.o(i.ertc_alarm_set) refers to at32f421_ertc.o(i.ertc_num_to_bcd) for ertc_num_to_bcd
    at32f421_ertc.o(i.ertc_alarm_set) refers to at32f421_ertc.o(i.ertc_write_protect_disable) for ertc_write_protect_disable
    at32f421_ertc.o(i.ertc_alarm_set) refers to at32f421_ertc.o(i.ertc_write_protect_enable) for ertc_write_protect_enable
    at32f421_ertc.o(i.ertc_alarm_sub_second_set) refers to at32f421_ertc.o(i.ertc_write_protect_disable) for ertc_write_protect_disable
    at32f421_ertc.o(i.ertc_alarm_sub_second_set) refers to at32f421_ertc.o(i.ertc_write_protect_enable) for ertc_write_protect_enable
    at32f421_ertc.o(i.ertc_alarm_week_date_select) refers to at32f421_ertc.o(i.ertc_write_protect_disable) for ertc_write_protect_disable
    at32f421_ertc.o(i.ertc_alarm_week_date_select) refers to at32f421_ertc.o(i.ertc_write_protect_enable) for ertc_write_protect_enable
    at32f421_ertc.o(i.ertc_bpr_data_write) refers to at32f421_ertc.o(i.ertc_write_protect_disable) for ertc_write_protect_disable
    at32f421_ertc.o(i.ertc_bpr_data_write) refers to at32f421_ertc.o(i.ertc_write_protect_enable) for ertc_write_protect_enable
    at32f421_ertc.o(i.ertc_cal_output_enable) refers to at32f421_ertc.o(i.ertc_write_protect_disable) for ertc_write_protect_disable
    at32f421_ertc.o(i.ertc_cal_output_enable) refers to at32f421_ertc.o(i.ertc_write_protect_enable) for ertc_write_protect_enable
    at32f421_ertc.o(i.ertc_cal_output_select) refers to at32f421_ertc.o(i.ertc_write_protect_disable) for ertc_write_protect_disable
    at32f421_ertc.o(i.ertc_cal_output_select) refers to at32f421_ertc.o(i.ertc_write_protect_enable) for ertc_write_protect_enable
    at32f421_ertc.o(i.ertc_calendar_get) refers to at32f421_ertc.o(i.ertc_bcd_to_num) for ertc_bcd_to_num
    at32f421_ertc.o(i.ertc_date_set) refers to at32f421_ertc.o(i.ertc_num_to_bcd) for ertc_num_to_bcd
    at32f421_ertc.o(i.ertc_date_set) refers to at32f421_ertc.o(i.ertc_write_protect_disable) for ertc_write_protect_disable
    at32f421_ertc.o(i.ertc_date_set) refers to at32f421_ertc.o(i.ertc_init_mode_enter) for ertc_init_mode_enter
    at32f421_ertc.o(i.ertc_date_set) refers to at32f421_ertc.o(i.ertc_init_mode_exit) for ertc_init_mode_exit
    at32f421_ertc.o(i.ertc_date_set) refers to at32f421_ertc.o(i.ertc_wait_update) for ertc_wait_update
    at32f421_ertc.o(i.ertc_date_set) refers to at32f421_ertc.o(i.ertc_write_protect_enable) for ertc_write_protect_enable
    at32f421_ertc.o(i.ertc_daylight_set) refers to at32f421_ertc.o(i.ertc_write_protect_disable) for ertc_write_protect_disable
    at32f421_ertc.o(i.ertc_daylight_set) refers to at32f421_ertc.o(i.ertc_write_protect_enable) for ertc_write_protect_enable
    at32f421_ertc.o(i.ertc_direct_read_enable) refers to at32f421_ertc.o(i.ertc_write_protect_disable) for ertc_write_protect_disable
    at32f421_ertc.o(i.ertc_direct_read_enable) refers to at32f421_ertc.o(i.ertc_write_protect_enable) for ertc_write_protect_enable
    at32f421_ertc.o(i.ertc_divider_set) refers to at32f421_ertc.o(i.ertc_write_protect_disable) for ertc_write_protect_disable
    at32f421_ertc.o(i.ertc_divider_set) refers to at32f421_ertc.o(i.ertc_init_mode_enter) for ertc_init_mode_enter
    at32f421_ertc.o(i.ertc_divider_set) refers to at32f421_ertc.o(i.ertc_init_mode_exit) for ertc_init_mode_exit
    at32f421_ertc.o(i.ertc_divider_set) refers to at32f421_ertc.o(i.ertc_write_protect_enable) for ertc_write_protect_enable
    at32f421_ertc.o(i.ertc_flag_clear) refers to at32f421_ertc.o(i.ertc_write_protect_disable) for ertc_write_protect_disable
    at32f421_ertc.o(i.ertc_flag_clear) refers to at32f421_ertc.o(i.ertc_write_protect_enable) for ertc_write_protect_enable
    at32f421_ertc.o(i.ertc_hour_mode_set) refers to at32f421_ertc.o(i.ertc_write_protect_disable) for ertc_write_protect_disable
    at32f421_ertc.o(i.ertc_hour_mode_set) refers to at32f421_ertc.o(i.ertc_init_mode_enter) for ertc_init_mode_enter
    at32f421_ertc.o(i.ertc_hour_mode_set) refers to at32f421_ertc.o(i.ertc_init_mode_exit) for ertc_init_mode_exit
    at32f421_ertc.o(i.ertc_hour_mode_set) refers to at32f421_ertc.o(i.ertc_write_protect_enable) for ertc_write_protect_enable
    at32f421_ertc.o(i.ertc_init_mode_enter) refers to at32f421_ertc.o(i.ertc_write_protect_disable) for ertc_write_protect_disable
    at32f421_ertc.o(i.ertc_init_mode_enter) refers to at32f421_ertc.o(i.ertc_write_protect_enable) for ertc_write_protect_enable
    at32f421_ertc.o(i.ertc_interrupt_enable) refers to at32f421_ertc.o(i.ertc_write_protect_disable) for ertc_write_protect_disable
    at32f421_ertc.o(i.ertc_interrupt_enable) refers to at32f421_ertc.o(i.ertc_write_protect_enable) for ertc_write_protect_enable
    at32f421_ertc.o(i.ertc_output_set) refers to at32f421_ertc.o(i.ertc_write_protect_disable) for ertc_write_protect_disable
    at32f421_ertc.o(i.ertc_output_set) refers to at32f421_ertc.o(i.ertc_write_protect_enable) for ertc_write_protect_enable
    at32f421_ertc.o(i.ertc_refer_clock_detect_enable) refers to at32f421_ertc.o(i.ertc_write_protect_disable) for ertc_write_protect_disable
    at32f421_ertc.o(i.ertc_refer_clock_detect_enable) refers to at32f421_ertc.o(i.ertc_init_mode_enter) for ertc_init_mode_enter
    at32f421_ertc.o(i.ertc_refer_clock_detect_enable) refers to at32f421_ertc.o(i.ertc_init_mode_exit) for ertc_init_mode_exit
    at32f421_ertc.o(i.ertc_refer_clock_detect_enable) refers to at32f421_ertc.o(i.ertc_write_protect_enable) for ertc_write_protect_enable
    at32f421_ertc.o(i.ertc_reset) refers to at32f421_ertc.o(i.ertc_write_protect_disable) for ertc_write_protect_disable
    at32f421_ertc.o(i.ertc_reset) refers to at32f421_ertc.o(i.ertc_init_mode_enter) for ertc_init_mode_enter
    at32f421_ertc.o(i.ertc_reset) refers to at32f421_ertc.o(i.ertc_wait_update) for ertc_wait_update
    at32f421_ertc.o(i.ertc_reset) refers to at32f421_ertc.o(i.ertc_write_protect_enable) for ertc_write_protect_enable
    at32f421_ertc.o(i.ertc_smooth_calibration_config) refers to at32f421_ertc.o(i.ertc_write_protect_disable) for ertc_write_protect_disable
    at32f421_ertc.o(i.ertc_smooth_calibration_config) refers to at32f421_ertc.o(i.ertc_wait_flag) for ertc_wait_flag
    at32f421_ertc.o(i.ertc_smooth_calibration_config) refers to at32f421_ertc.o(i.ertc_write_protect_enable) for ertc_write_protect_enable
    at32f421_ertc.o(i.ertc_tamper_detect_freq_set) refers to at32f421_ertc.o(i.ertc_write_protect_disable) for ertc_write_protect_disable
    at32f421_ertc.o(i.ertc_tamper_detect_freq_set) refers to at32f421_ertc.o(i.ertc_write_protect_enable) for ertc_write_protect_enable
    at32f421_ertc.o(i.ertc_tamper_enable) refers to at32f421_ertc.o(i.ertc_write_protect_disable) for ertc_write_protect_disable
    at32f421_ertc.o(i.ertc_tamper_enable) refers to at32f421_ertc.o(i.ertc_write_protect_enable) for ertc_write_protect_enable
    at32f421_ertc.o(i.ertc_tamper_filter_set) refers to at32f421_ertc.o(i.ertc_write_protect_disable) for ertc_write_protect_disable
    at32f421_ertc.o(i.ertc_tamper_filter_set) refers to at32f421_ertc.o(i.ertc_write_protect_enable) for ertc_write_protect_enable
    at32f421_ertc.o(i.ertc_tamper_precharge_set) refers to at32f421_ertc.o(i.ertc_write_protect_disable) for ertc_write_protect_disable
    at32f421_ertc.o(i.ertc_tamper_precharge_set) refers to at32f421_ertc.o(i.ertc_write_protect_enable) for ertc_write_protect_enable
    at32f421_ertc.o(i.ertc_tamper_pull_up_enable) refers to at32f421_ertc.o(i.ertc_write_protect_disable) for ertc_write_protect_disable
    at32f421_ertc.o(i.ertc_tamper_pull_up_enable) refers to at32f421_ertc.o(i.ertc_write_protect_enable) for ertc_write_protect_enable
    at32f421_ertc.o(i.ertc_tamper_timestamp_enable) refers to at32f421_ertc.o(i.ertc_write_protect_disable) for ertc_write_protect_disable
    at32f421_ertc.o(i.ertc_tamper_timestamp_enable) refers to at32f421_ertc.o(i.ertc_write_protect_enable) for ertc_write_protect_enable
    at32f421_ertc.o(i.ertc_tamper_valid_edge_set) refers to at32f421_ertc.o(i.ertc_write_protect_disable) for ertc_write_protect_disable
    at32f421_ertc.o(i.ertc_tamper_valid_edge_set) refers to at32f421_ertc.o(i.ertc_write_protect_enable) for ertc_write_protect_enable
    at32f421_ertc.o(i.ertc_time_adjust) refers to at32f421_ertc.o(i.ertc_write_protect_disable) for ertc_write_protect_disable
    at32f421_ertc.o(i.ertc_time_adjust) refers to at32f421_ertc.o(i.ertc_wait_flag) for ertc_wait_flag
    at32f421_ertc.o(i.ertc_time_adjust) refers to at32f421_ertc.o(i.ertc_wait_update) for ertc_wait_update
    at32f421_ertc.o(i.ertc_time_adjust) refers to at32f421_ertc.o(i.ertc_write_protect_enable) for ertc_write_protect_enable
    at32f421_ertc.o(i.ertc_time_set) refers to at32f421_ertc.o(i.ertc_num_to_bcd) for ertc_num_to_bcd
    at32f421_ertc.o(i.ertc_time_set) refers to at32f421_ertc.o(i.ertc_write_protect_disable) for ertc_write_protect_disable
    at32f421_ertc.o(i.ertc_time_set) refers to at32f421_ertc.o(i.ertc_init_mode_enter) for ertc_init_mode_enter
    at32f421_ertc.o(i.ertc_time_set) refers to at32f421_ertc.o(i.ertc_init_mode_exit) for ertc_init_mode_exit
    at32f421_ertc.o(i.ertc_time_set) refers to at32f421_ertc.o(i.ertc_wait_update) for ertc_wait_update
    at32f421_ertc.o(i.ertc_time_set) refers to at32f421_ertc.o(i.ertc_write_protect_enable) for ertc_write_protect_enable
    at32f421_ertc.o(i.ertc_timestamp_enable) refers to at32f421_ertc.o(i.ertc_write_protect_disable) for ertc_write_protect_disable
    at32f421_ertc.o(i.ertc_timestamp_enable) refers to at32f421_ertc.o(i.ertc_write_protect_enable) for ertc_write_protect_enable
    at32f421_ertc.o(i.ertc_timestamp_get) refers to at32f421_ertc.o(i.ertc_bcd_to_num) for ertc_bcd_to_num
    at32f421_ertc.o(i.ertc_timestamp_valid_edge_set) refers to at32f421_ertc.o(i.ertc_write_protect_disable) for ertc_write_protect_disable
    at32f421_ertc.o(i.ertc_timestamp_valid_edge_set) refers to at32f421_ertc.o(i.ertc_write_protect_enable) for ertc_write_protect_enable
    at32f421_ertc.o(i.ertc_wait_flag) refers to at32f421_ertc.o(i.ertc_write_protect_enable) for ertc_write_protect_enable
    at32f421_ertc.o(i.ertc_wait_flag) refers to at32f421_ertc.o(i.ertc_flag_get) for ertc_flag_get
    at32f421_ertc.o(i.ertc_wait_update) refers to at32f421_ertc.o(i.ertc_write_protect_disable) for ertc_write_protect_disable
    at32f421_ertc.o(i.ertc_wait_update) refers to at32f421_ertc.o(i.ertc_write_protect_enable) for ertc_write_protect_enable
    at32f421_gpio.o(i.gpio_reset) refers to at32f421_crm.o(i.crm_periph_reset) for crm_periph_reset
    at32f421_tmr.o(i.tmr_external_clock_mode1_config) refers to at32f421_tmr.o(i.tmr_external_clock_config) for tmr_external_clock_config
    at32f421_tmr.o(i.tmr_external_clock_mode2_config) refers to at32f421_tmr.o(i.tmr_external_clock_config) for tmr_external_clock_config
    at32f421_tmr.o(i.tmr_reset) refers to at32f421_crm.o(i.crm_periph_reset) for crm_periph_reset
    at32f421_usart.o(i.usart_init) refers to at32f421_crm.o(i.crm_clocks_freq_get) for crm_clocks_freq_get
    at32f421_usart.o(i.usart_reset) refers to at32f421_crm.o(i.crm_periph_reset) for crm_periph_reset
    startup_at32f421.o(STACK) refers (Special) to heapauxi.o(.text) for __use_two_region_memory
    startup_at32f421.o(HEAP) refers (Special) to heapauxi.o(.text) for __use_two_region_memory
    startup_at32f421.o(RESET) refers (Special) to heapauxi.o(.text) for __use_two_region_memory
    startup_at32f421.o(RESET) refers to startup_at32f421.o(STACK) for __initial_sp
    startup_at32f421.o(RESET) refers to startup_at32f421.o(.text) for Reset_Handler
    startup_at32f421.o(RESET) refers to main.o(i.ADC1_CMP_IRQHandler) for ADC1_CMP_IRQHandler
    startup_at32f421.o(RESET) refers to main.o(i.TMR6_GLOBAL_IRQHandler) for TMR6_GLOBAL_IRQHandler
    startup_at32f421.o(.text) refers (Special) to heapauxi.o(.text) for __use_two_region_memory
    startup_at32f421.o(.text) refers to system_at32f421.o(i.SystemInit) for SystemInit
    startup_at32f421.o(.text) refers to __main.o(!!!main) for __main
    startup_at32f421.o(.text) refers to startup_at32f421.o(HEAP) for Heap_Mem
    startup_at32f421.o(.text) refers to startup_at32f421.o(STACK) for Stack_Mem
    system_at32f421.o(i.system_core_clock_update) refers to at32f421_crm.o(i.crm_sysclk_switch_status_get) for crm_sysclk_switch_status_get
    system_at32f421.o(i.system_core_clock_update) refers to lludivv7m.o(.text) for __aeabi_uldivmod
    system_at32f421.o(i.system_core_clock_update) refers to system_at32f421.o(.data) for system_core_clock
    system_at32f421.o(i.system_core_clock_update) refers to system_at32f421.o(.constdata) for sys_ahb_div_table
    at32f421_pwc.o(i.pwc_reset) refers to at32f421_crm.o(i.crm_periph_reset) for crm_periph_reset
    at32f421_scfg.o(i.scfg_reset) refers to at32f421_crm.o(i.crm_periph_reset) for crm_periph_reset
    __main.o(!!!main) refers to __rtentry.o(.ARM.Collect$$rtentry$$00000000) for __rt_entry
    __rtentry.o(.ARM.Collect$$rtentry$$00000000) refers (Special) to __rtentry2.o(.ARM.Collect$$rtentry$$0000000A) for __rt_entry_li
    __rtentry.o(.ARM.Collect$$rtentry$$00000000) refers (Special) to __rtentry2.o(.ARM.Collect$$rtentry$$0000000D) for __rt_entry_main
    __rtentry.o(.ARM.Collect$$rtentry$$00000000) refers (Special) to __rtentry2.o(.ARM.Collect$$rtentry$$0000000C) for __rt_entry_postli_1
    __rtentry.o(.ARM.Collect$$rtentry$$00000000) refers (Special) to __rtentry2.o(.ARM.Collect$$rtentry$$00000009) for __rt_entry_postsh_1
    __rtentry.o(.ARM.Collect$$rtentry$$00000000) refers (Special) to __rtentry2.o(.ARM.Collect$$rtentry$$00000002) for __rt_entry_presh_1
    __rtentry.o(.ARM.Collect$$rtentry$$00000000) refers (Special) to __rtentry4.o(.ARM.Collect$$rtentry$$00000004) for __rt_entry_sh
    aeabi_ldiv0_sigfpe.o(.text) refers to rt_div0.o(.text) for __rt_div0
    __rtentry2.o(.ARM.Collect$$rtentry$$00000008) refers to boardinit2.o(.text) for _platform_post_stackheap_init
    __rtentry2.o(.ARM.Collect$$rtentry$$0000000A) refers to libinit.o(.ARM.Collect$$libinit$$00000000) for __rt_lib_init
    __rtentry2.o(.ARM.Collect$$rtentry$$0000000B) refers to boardinit3.o(.text) for _platform_post_lib_init
    __rtentry2.o(.ARM.Collect$$rtentry$$0000000D) refers to main.o(i.main) for main
    __rtentry2.o(.ARM.Collect$$rtentry$$0000000D) refers to exit.o(.text) for exit
    __rtentry2.o(.ARM.exidx) refers to __rtentry2.o(.ARM.Collect$$rtentry$$00000001) for .ARM.Collect$$rtentry$$00000001
    __rtentry2.o(.ARM.exidx) refers to __rtentry2.o(.ARM.Collect$$rtentry$$00000008) for .ARM.Collect$$rtentry$$00000008
    __rtentry2.o(.ARM.exidx) refers to __rtentry2.o(.ARM.Collect$$rtentry$$0000000A) for .ARM.Collect$$rtentry$$0000000A
    __rtentry2.o(.ARM.exidx) refers to __rtentry2.o(.ARM.Collect$$rtentry$$0000000B) for .ARM.Collect$$rtentry$$0000000B
    __rtentry2.o(.ARM.exidx) refers to __rtentry2.o(.ARM.Collect$$rtentry$$0000000D) for .ARM.Collect$$rtentry$$0000000D
    __rtentry4.o(.ARM.Collect$$rtentry$$00000004) refers to sys_stackheap_outer.o(.text) for __user_setup_stackheap
    __rtentry4.o(.ARM.exidx) refers to __rtentry4.o(.ARM.Collect$$rtentry$$00000004) for .ARM.Collect$$rtentry$$00000004
    rt_div0.o(.text) refers to defsig_fpe_outer.o(.text) for __rt_SIGFPE
    sys_stackheap_outer.o(.text) refers to libspace.o(.text) for __user_perproc_libspace
    sys_stackheap_outer.o(.text) refers to startup_at32f421.o(.text) for __user_initial_stackheap
    exit.o(.text) refers to rtexit.o(.ARM.Collect$$rtexit$$00000000) for __rt_exit
    defsig_fpe_outer.o(.text) refers to defsig_fpe_inner.o(.text) for __rt_SIGFPE_inner
    defsig_fpe_outer.o(.text) refers to defsig_exit.o(.text) for __sig_exit
    defsig_fpe_formal.o(.text) refers to rt_raise.o(.text) for __rt_raise
    libinit.o(.ARM.Collect$$libinit$$00000000) refers (Special) to libinit2.o(.ARM.Collect$$libinit$$0000002E) for __rt_lib_init_alloca_1
    libinit.o(.ARM.Collect$$libinit$$00000000) refers (Special) to libinit2.o(.ARM.Collect$$libinit$$0000002C) for __rt_lib_init_argv_1
    libinit.o(.ARM.Collect$$libinit$$00000000) refers (Special) to libinit2.o(.ARM.Collect$$libinit$$0000001B) for __rt_lib_init_atexit_1
    libinit.o(.ARM.Collect$$libinit$$00000000) refers (Special) to libinit2.o(.ARM.Collect$$libinit$$00000021) for __rt_lib_init_clock_1
    libinit.o(.ARM.Collect$$libinit$$00000000) refers (Special) to libinit2.o(.ARM.Collect$$libinit$$00000032) for __rt_lib_init_cpp_1
    libinit.o(.ARM.Collect$$libinit$$00000000) refers (Special) to libinit2.o(.ARM.Collect$$libinit$$00000030) for __rt_lib_init_exceptions_1
    libinit.o(.ARM.Collect$$libinit$$00000000) refers (Special) to libinit2.o(.ARM.Collect$$libinit$$00000002) for __rt_lib_init_fp_1
    libinit.o(.ARM.Collect$$libinit$$00000000) refers (Special) to libinit2.o(.ARM.Collect$$libinit$$0000001F) for __rt_lib_init_fp_trap_1
    libinit.o(.ARM.Collect$$libinit$$00000000) refers (Special) to libinit2.o(.ARM.Collect$$libinit$$00000023) for __rt_lib_init_getenv_1
    libinit.o(.ARM.Collect$$libinit$$00000000) refers (Special) to libinit2.o(.ARM.Collect$$libinit$$0000000A) for __rt_lib_init_heap_1
    libinit.o(.ARM.Collect$$libinit$$00000000) refers (Special) to libinit2.o(.ARM.Collect$$libinit$$00000011) for __rt_lib_init_lc_collate_1
    libinit.o(.ARM.Collect$$libinit$$00000000) refers (Special) to libinit2.o(.ARM.Collect$$libinit$$00000013) for __rt_lib_init_lc_ctype_1
    libinit.o(.ARM.Collect$$libinit$$00000000) refers (Special) to libinit2.o(.ARM.Collect$$libinit$$00000015) for __rt_lib_init_lc_monetary_1
    libinit.o(.ARM.Collect$$libinit$$00000000) refers (Special) to libinit2.o(.ARM.Collect$$libinit$$00000017) for __rt_lib_init_lc_numeric_1
    libinit.o(.ARM.Collect$$libinit$$00000000) refers (Special) to libinit2.o(.ARM.Collect$$libinit$$00000019) for __rt_lib_init_lc_time_1
    libinit.o(.ARM.Collect$$libinit$$00000000) refers (Special) to libinit2.o(.ARM.Collect$$libinit$$00000004) for __rt_lib_init_preinit_1
    libinit.o(.ARM.Collect$$libinit$$00000000) refers (Special) to libinit2.o(.ARM.Collect$$libinit$$0000000E) for __rt_lib_init_rand_1
    libinit.o(.ARM.Collect$$libinit$$00000000) refers (Special) to libinit2.o(.ARM.Collect$$libinit$$00000033) for __rt_lib_init_return
    libinit.o(.ARM.Collect$$libinit$$00000000) refers (Special) to libinit2.o(.ARM.Collect$$libinit$$0000001D) for __rt_lib_init_signal_1
    libinit.o(.ARM.Collect$$libinit$$00000000) refers (Special) to libinit2.o(.ARM.Collect$$libinit$$00000025) for __rt_lib_init_stdio_1
    libinit.o(.ARM.Collect$$libinit$$00000000) refers (Special) to libinit2.o(.ARM.Collect$$libinit$$0000000C) for __rt_lib_init_user_alloc_1
    libspace.o(.text) refers to libspace.o(.bss) for __libspace_start
    rtexit.o(.ARM.Collect$$rtexit$$00000000) refers (Special) to rtexit2.o(.ARM.Collect$$rtexit$$00000004) for __rt_exit_exit
    rtexit.o(.ARM.Collect$$rtexit$$00000000) refers (Special) to rtexit2.o(.ARM.Collect$$rtexit$$00000003) for __rt_exit_ls
    rtexit.o(.ARM.Collect$$rtexit$$00000000) refers (Special) to rtexit2.o(.ARM.Collect$$rtexit$$00000002) for __rt_exit_prels_1
    rtexit.o(.ARM.exidx) refers (Special) to rtexit2.o(.ARM.Collect$$rtexit$$00000004) for __rt_exit_exit
    rtexit.o(.ARM.exidx) refers (Special) to rtexit2.o(.ARM.Collect$$rtexit$$00000003) for __rt_exit_ls
    rtexit.o(.ARM.exidx) refers (Special) to rtexit2.o(.ARM.Collect$$rtexit$$00000002) for __rt_exit_prels_1
    rtexit.o(.ARM.exidx) refers to rtexit.o(.ARM.Collect$$rtexit$$00000000) for .ARM.Collect$$rtexit$$00000000
    rt_raise.o(.text) refers to __raise.o(.text) for __raise
    rt_raise.o(.text) refers to sys_exit.o(.text) for _sys_exit
    defsig_exit.o(.text) refers to sys_exit.o(.text) for _sys_exit
    defsig_fpe_inner.o(.text) refers to defsig_general.o(.text) for __default_signal_display
    libinit2.o(.ARM.Collect$$libinit$$00000010) refers to libinit2.o(.ARM.Collect$$libinit$$0000000F) for .ARM.Collect$$libinit$$0000000F
    libinit2.o(.ARM.Collect$$libinit$$00000012) refers to libinit2.o(.ARM.Collect$$libinit$$0000000F) for .ARM.Collect$$libinit$$0000000F
    libinit2.o(.ARM.Collect$$libinit$$00000014) refers to libinit2.o(.ARM.Collect$$libinit$$0000000F) for .ARM.Collect$$libinit$$0000000F
    libinit2.o(.ARM.Collect$$libinit$$00000016) refers to libinit2.o(.ARM.Collect$$libinit$$0000000F) for .ARM.Collect$$libinit$$0000000F
    libinit2.o(.ARM.Collect$$libinit$$00000018) refers to libinit2.o(.ARM.Collect$$libinit$$0000000F) for .ARM.Collect$$libinit$$0000000F
    libinit2.o(.ARM.Collect$$libinit$$00000026) refers to argv_veneer.o(.emb_text) for __ARM_argv_veneer
    libinit2.o(.ARM.Collect$$libinit$$00000027) refers to argv_veneer.o(.emb_text) for __ARM_argv_veneer
    sys_exit.o(.text) refers (Special) to use_no_semi.o(.text) for __I$use$semihosting
    sys_exit.o(.text) refers (Special) to indicate_semi.o(.text) for __semihosting_library_function
    rtexit2.o(.ARM.Collect$$rtexit$$00000003) refers to libshutdown.o(.ARM.Collect$$libshutdown$$00000000) for __rt_lib_shutdown
    rtexit2.o(.ARM.Collect$$rtexit$$00000004) refers to sys_exit.o(.text) for _sys_exit
    rtexit2.o(.ARM.exidx) refers to rtexit2.o(.ARM.Collect$$rtexit$$00000001) for .ARM.Collect$$rtexit$$00000001
    rtexit2.o(.ARM.exidx) refers to rtexit2.o(.ARM.Collect$$rtexit$$00000003) for .ARM.Collect$$rtexit$$00000003
    rtexit2.o(.ARM.exidx) refers to rtexit2.o(.ARM.Collect$$rtexit$$00000004) for .ARM.Collect$$rtexit$$00000004
    __raise.o(.text) refers to defsig.o(CL$$defsig) for __default_signal_handler
    defsig_general.o(.text) refers to sys_wrch.o(.text) for _ttywrch
    argv_veneer.o(.emb_text) refers to no_argv.o(.text) for __ARM_get_argv
    sys_wrch.o(.text) refers (Special) to use_no_semi.o(.text) for __I$use$semihosting
    sys_wrch.o(.text) refers (Special) to indicate_semi.o(.text) for __semihosting_library_function
    defsig.o(CL$$defsig) refers to defsig_fpe_inner.o(.text) for __rt_SIGFPE_inner
    defsig.o(CL$$defsig) refers to defsig_rtmem_inner.o(.text) for __rt_SIGRTMEM_inner
    _get_argv_nomalloc.o(.text) refers (Special) to hrguard.o(.text) for __heap_region$guard
    _get_argv_nomalloc.o(.text) refers to defsig_rtmem_outer.o(.text) for __rt_SIGRTMEM
    _get_argv_nomalloc.o(.text) refers to sys_command.o(.text) for _sys_command_string
    libshutdown.o(.ARM.Collect$$libshutdown$$00000000) refers (Special) to libshutdown2.o(.ARM.Collect$$libshutdown$$00000002) for __rt_lib_shutdown_cpp_1
    libshutdown.o(.ARM.Collect$$libshutdown$$00000000) refers (Special) to libshutdown2.o(.ARM.Collect$$libshutdown$$00000007) for __rt_lib_shutdown_fp_trap_1
    libshutdown.o(.ARM.Collect$$libshutdown$$00000000) refers (Special) to libshutdown2.o(.ARM.Collect$$libshutdown$$0000000F) for __rt_lib_shutdown_heap_1
    libshutdown.o(.ARM.Collect$$libshutdown$$00000000) refers (Special) to libshutdown2.o(.ARM.Collect$$libshutdown$$00000010) for __rt_lib_shutdown_return
    libshutdown.o(.ARM.Collect$$libshutdown$$00000000) refers (Special) to libshutdown2.o(.ARM.Collect$$libshutdown$$0000000A) for __rt_lib_shutdown_signal_1
    libshutdown.o(.ARM.Collect$$libshutdown$$00000000) refers (Special) to libshutdown2.o(.ARM.Collect$$libshutdown$$00000004) for __rt_lib_shutdown_stdio_1
    libshutdown.o(.ARM.Collect$$libshutdown$$00000000) refers (Special) to libshutdown2.o(.ARM.Collect$$libshutdown$$0000000C) for __rt_lib_shutdown_user_alloc_1
    sys_command.o(.text) refers (Special) to use_no_semi.o(.text) for __I$use$semihosting
    sys_command.o(.text) refers (Special) to indicate_semi.o(.text) for __semihosting_library_function
    defsig_abrt_inner.o(.text) refers to defsig_general.o(.text) for __default_signal_display
    defsig_rtred_inner.o(.text) refers to defsig_general.o(.text) for __default_signal_display
    defsig_rtmem_inner.o(.text) refers to defsig_general.o(.text) for __default_signal_display
    defsig_rtmem_outer.o(.text) refers to defsig_rtmem_inner.o(.text) for __rt_SIGRTMEM_inner
    defsig_rtmem_outer.o(.text) refers to defsig_exit.o(.text) for __sig_exit
    defsig_rtmem_formal.o(.text) refers to rt_raise.o(.text) for __rt_raise
    defsig_stak_inner.o(.text) refers to defsig_general.o(.text) for __default_signal_display
    defsig_pvfn_inner.o(.text) refers to defsig_general.o(.text) for __default_signal_display
    defsig_cppl_inner.o(.text) refers to defsig_general.o(.text) for __default_signal_display
    defsig_segv_inner.o(.text) refers to defsig_general.o(.text) for __default_signal_display
    defsig_other.o(.text) refers to defsig_general.o(.text) for __default_signal_display


==============================================================================

Removing Unused input sections from the image.

    Removing main.o(.rev16_text), (4 bytes).
    Removing main.o(.revsh_text), (4 bytes).
    Removing main.o(.rrx_text), (6 bytes).
    Removing at32f421_adc.o(.rev16_text), (4 bytes).
    Removing at32f421_adc.o(.revsh_text), (4 bytes).
    Removing at32f421_adc.o(.rrx_text), (6 bytes).
    Removing at32f421_adc.o(i.adc_base_config), (44 bytes).
    Removing at32f421_adc.o(i.adc_base_default_para_init), (14 bytes).
    Removing at32f421_adc.o(i.adc_calibration_init), (12 bytes).
    Removing at32f421_adc.o(i.adc_calibration_init_status_get), (18 bytes).
    Removing at32f421_adc.o(i.adc_calibration_start), (12 bytes).
    Removing at32f421_adc.o(i.adc_calibration_status_get), (18 bytes).
    Removing at32f421_adc.o(i.adc_dma_mode_enable), (10 bytes).
    Removing at32f421_adc.o(i.adc_enable), (10 bytes).
    Removing at32f421_adc.o(i.adc_flag_clear), (6 bytes).
    Removing at32f421_adc.o(i.adc_flag_get), (16 bytes).
    Removing at32f421_adc.o(i.adc_interrupt_enable), (22 bytes).
    Removing at32f421_adc.o(i.adc_ordinary_channel_set), (404 bytes).
    Removing at32f421_adc.o(i.adc_ordinary_conversion_data_get), (8 bytes).
    Removing at32f421_adc.o(i.adc_ordinary_conversion_trigger_set), (52 bytes).
    Removing at32f421_adc.o(i.adc_ordinary_part_count_set), (12 bytes).
    Removing at32f421_adc.o(i.adc_ordinary_part_mode_enable), (10 bytes).
    Removing at32f421_adc.o(i.adc_ordinary_software_trigger_enable), (10 bytes).
    Removing at32f421_adc.o(i.adc_ordinary_software_trigger_status_get), (18 bytes).
    Removing at32f421_adc.o(i.adc_preempt_auto_mode_enable), (10 bytes).
    Removing at32f421_adc.o(i.adc_preempt_channel_length_set), (12 bytes).
    Removing at32f421_adc.o(i.adc_preempt_channel_set), (290 bytes).
    Removing at32f421_adc.o(i.adc_preempt_conversion_data_get), (50 bytes).
    Removing at32f421_adc.o(i.adc_preempt_conversion_trigger_set), (52 bytes).
    Removing at32f421_adc.o(i.adc_preempt_offset_value_set), (62 bytes).
    Removing at32f421_adc.o(i.adc_preempt_part_mode_enable), (10 bytes).
    Removing at32f421_adc.o(i.adc_preempt_software_trigger_enable), (10 bytes).
    Removing at32f421_adc.o(i.adc_preempt_software_trigger_status_get), (18 bytes).
    Removing at32f421_adc.o(i.adc_reset), (36 bytes).
    Removing at32f421_adc.o(i.adc_tempersensor_vintrv_enable), (20 bytes).
    Removing at32f421_adc.o(i.adc_voltage_monitor_enable), (32 bytes).
    Removing at32f421_adc.o(i.adc_voltage_monitor_single_channel_select), (10 bytes).
    Removing at32f421_adc.o(i.adc_voltage_monitor_threshold_value_set), (18 bytes).
    Removing at32f421_cmp.o(.rev16_text), (4 bytes).
    Removing at32f421_cmp.o(.revsh_text), (4 bytes).
    Removing at32f421_cmp.o(.rrx_text), (6 bytes).
    Removing at32f421_cmp.o(i.cmp_blanking_config), (20 bytes).
    Removing at32f421_cmp.o(i.cmp_filter_config), (80 bytes).
    Removing at32f421_cmp.o(i.cmp_init), (92 bytes).
    Removing at32f421_cmp.o(i.cmp_input_shift_enable), (20 bytes).
    Removing at32f421_cmp.o(i.cmp_output_value_get), (20 bytes).
    Removing at32f421_cmp.o(i.cmp_reset), (24 bytes).
    Removing at32f421_cmp.o(i.cmp_scal_brg_config), (40 bytes).
    Removing at32f421_cmp.o(i.cmp_write_protect_enable), (24 bytes).
    Removing at32f421_crm.o(.rev16_text), (4 bytes).
    Removing at32f421_crm.o(.revsh_text), (4 bytes).
    Removing at32f421_crm.o(.rrx_text), (6 bytes).
    Removing at32f421_crm.o(i.crm_adc_clock_div_set), (32 bytes).
    Removing at32f421_crm.o(i.crm_ahb_div_set), (20 bytes).
    Removing at32f421_crm.o(i.crm_apb1_div_set), (20 bytes).
    Removing at32f421_crm.o(i.crm_apb2_div_set), (20 bytes).
    Removing at32f421_crm.o(i.crm_auto_step_mode_enable), (40 bytes).
    Removing at32f421_crm.o(i.crm_battery_powered_domain_reset), (20 bytes).
    Removing at32f421_crm.o(i.crm_clkout_div_set), (20 bytes).
    Removing at32f421_crm.o(i.crm_clock_failure_detection_enable), (20 bytes).
    Removing at32f421_crm.o(i.crm_clock_out_set), (32 bytes).
    Removing at32f421_crm.o(i.crm_clock_source_enable), (96 bytes).
    Removing at32f421_crm.o(i.crm_clocks_freq_get), (428 bytes).
    Removing at32f421_crm.o(i.crm_ertc_clock_enable), (20 bytes).
    Removing at32f421_crm.o(i.crm_ertc_clock_select), (20 bytes).
    Removing at32f421_crm.o(i.crm_flag_clear), (200 bytes).
    Removing at32f421_crm.o(i.crm_flag_get), (48 bytes).
    Removing at32f421_crm.o(i.crm_hext_bypass), (20 bytes).
    Removing at32f421_crm.o(i.crm_hext_stable_wait), (46 bytes).
    Removing at32f421_crm.o(i.crm_hick_clock_calibration_set), (40 bytes).
    Removing at32f421_crm.o(i.crm_hick_clock_trimming_set), (20 bytes).
    Removing at32f421_crm.o(i.crm_hick_divider_select), (20 bytes).
    Removing at32f421_crm.o(i.crm_hick_sclk_frequency_select), (28 bytes).
    Removing at32f421_crm.o(i.crm_interrupt_enable), (32 bytes).
    Removing at32f421_crm.o(i.crm_lext_bypass), (20 bytes).
    Removing at32f421_crm.o(i.crm_periph_reset), (68 bytes).
    Removing at32f421_crm.o(i.crm_periph_sleep_mode_clock_enable), (68 bytes).
    Removing at32f421_crm.o(i.crm_pll_config), (264 bytes).
    Removing at32f421_crm.o(i.crm_pll_config2), (120 bytes).
    Removing at32f421_crm.o(i.crm_reset), (100 bytes).
    Removing at32f421_crm.o(i.crm_sysclk_switch), (20 bytes).
    Removing at32f421_crm.o(i.crm_sysclk_switch_status_get), (16 bytes).
    Removing at32f421_crm.o(.constdata), (40 bytes).
    Removing at32f421_ertc.o(.rev16_text), (4 bytes).
    Removing at32f421_ertc.o(.revsh_text), (4 bytes).
    Removing at32f421_ertc.o(.rrx_text), (6 bytes).
    Removing at32f421_ertc.o(i.ertc_alarm_enable), (56 bytes).
    Removing at32f421_ertc.o(i.ertc_alarm_get), (108 bytes).
    Removing at32f421_ertc.o(i.ertc_alarm_mask_set), (36 bytes).
    Removing at32f421_ertc.o(i.ertc_alarm_set), (112 bytes).
    Removing at32f421_ertc.o(i.ertc_alarm_sub_second_get), (16 bytes).
    Removing at32f421_ertc.o(i.ertc_alarm_sub_second_set), (44 bytes).
    Removing at32f421_ertc.o(i.ertc_alarm_week_date_select), (36 bytes).
    Removing at32f421_ertc.o(i.ertc_bcd_to_num), (20 bytes).
    Removing at32f421_ertc.o(i.ertc_bpr_data_read), (28 bytes).
    Removing at32f421_ertc.o(i.ertc_bpr_data_write), (36 bytes).
    Removing at32f421_ertc.o(i.ertc_cal_output_enable), (32 bytes).
    Removing at32f421_ertc.o(i.ertc_cal_output_select), (32 bytes).
    Removing at32f421_ertc.o(i.ertc_calendar_get), (120 bytes).
    Removing at32f421_ertc.o(i.ertc_date_set), (120 bytes).
    Removing at32f421_ertc.o(i.ertc_daylight_bpr_get), (16 bytes).
    Removing at32f421_ertc.o(i.ertc_daylight_set), (68 bytes).
    Removing at32f421_ertc.o(i.ertc_direct_read_enable), (32 bytes).
    Removing at32f421_ertc.o(i.ertc_divider_set), (60 bytes).
    Removing at32f421_ertc.o(i.ertc_flag_clear), (40 bytes).
    Removing at32f421_ertc.o(i.ertc_flag_get), (24 bytes).
    Removing at32f421_ertc.o(i.ertc_hour_mode_set), (48 bytes).
    Removing at32f421_ertc.o(i.ertc_init_mode_enter), (64 bytes).
    Removing at32f421_ertc.o(i.ertc_init_mode_exit), (16 bytes).
    Removing at32f421_ertc.o(i.ertc_interrupt_enable), (92 bytes).
    Removing at32f421_ertc.o(i.ertc_interrupt_get), (48 bytes).
    Removing at32f421_ertc.o(i.ertc_num_to_bcd), (36 bytes).
    Removing at32f421_ertc.o(i.ertc_output_set), (60 bytes).
    Removing at32f421_ertc.o(i.ertc_refer_clock_detect_enable), (48 bytes).
    Removing at32f421_ertc.o(i.ertc_reset), (108 bytes).
    Removing at32f421_ertc.o(i.ertc_smooth_calibration_config), (112 bytes).
    Removing at32f421_ertc.o(i.ertc_sub_second_get), (20 bytes).
    Removing at32f421_ertc.o(i.ertc_tamper_detect_freq_set), (32 bytes).
    Removing at32f421_ertc.o(i.ertc_tamper_enable), (36 bytes).
    Removing at32f421_ertc.o(i.ertc_tamper_filter_set), (32 bytes).
    Removing at32f421_ertc.o(i.ertc_tamper_precharge_set), (32 bytes).
    Removing at32f421_ertc.o(i.ertc_tamper_pull_up_enable), (40 bytes).
    Removing at32f421_ertc.o(i.ertc_tamper_timestamp_enable), (32 bytes).
    Removing at32f421_ertc.o(i.ertc_tamper_valid_edge_set), (36 bytes).
    Removing at32f421_ertc.o(i.ertc_time_adjust), (92 bytes).
    Removing at32f421_ertc.o(i.ertc_time_set), (120 bytes).
    Removing at32f421_ertc.o(i.ertc_timestamp_enable), (32 bytes).
    Removing at32f421_ertc.o(i.ertc_timestamp_get), (108 bytes).
    Removing at32f421_ertc.o(i.ertc_timestamp_sub_second_get), (12 bytes).
    Removing at32f421_ertc.o(i.ertc_timestamp_valid_edge_set), (32 bytes).
    Removing at32f421_ertc.o(i.ertc_wait_flag), (38 bytes).
    Removing at32f421_ertc.o(i.ertc_wait_update), (64 bytes).
    Removing at32f421_ertc.o(i.ertc_write_protect_disable), (16 bytes).
    Removing at32f421_ertc.o(i.ertc_write_protect_enable), (12 bytes).
    Removing at32f421_gpio.o(.rev16_text), (4 bytes).
    Removing at32f421_gpio.o(.revsh_text), (4 bytes).
    Removing at32f421_gpio.o(.rrx_text), (6 bytes).
    Removing at32f421_gpio.o(i.gpio_bits_write), (10 bytes).
    Removing at32f421_gpio.o(i.gpio_default_para_init), (20 bytes).
    Removing at32f421_gpio.o(i.gpio_input_data_bit_read), (18 bytes).
    Removing at32f421_gpio.o(i.gpio_input_data_read), (8 bytes).
    Removing at32f421_gpio.o(i.gpio_output_data_bit_read), (18 bytes).
    Removing at32f421_gpio.o(i.gpio_output_data_read), (8 bytes).
    Removing at32f421_gpio.o(i.gpio_pin_mux_config), (66 bytes).
    Removing at32f421_gpio.o(i.gpio_pin_wp_config), (18 bytes).
    Removing at32f421_gpio.o(i.gpio_pins_huge_driven_config), (18 bytes).
    Removing at32f421_gpio.o(i.gpio_port_wirte), (4 bytes).
    Removing at32f421_gpio.o(i.gpio_reset), (128 bytes).
    Removing at32f421_misc.o(.rev16_text), (4 bytes).
    Removing at32f421_misc.o(.revsh_text), (4 bytes).
    Removing at32f421_misc.o(.rrx_text), (6 bytes).
    Removing at32f421_misc.o(i.nvic_irq_disable), (44 bytes).
    Removing at32f421_misc.o(i.nvic_lowpower_mode_config), (32 bytes).
    Removing at32f421_misc.o(i.nvic_priority_group_config), (40 bytes).
    Removing at32f421_misc.o(i.nvic_system_reset), (44 bytes).
    Removing at32f421_misc.o(i.nvic_vector_table_set), (20 bytes).
    Removing at32f421_misc.o(i.systick_clock_source_config), (40 bytes).
    Removing at32f421_tmr.o(.rev16_text), (4 bytes).
    Removing at32f421_tmr.o(.revsh_text), (4 bytes).
    Removing at32f421_tmr.o(.rrx_text), (6 bytes).
    Removing at32f421_tmr.o(i.tmr_brkdt_config), (72 bytes).
    Removing at32f421_tmr.o(i.tmr_brkdt_default_para_init), (18 bytes).
    Removing at32f421_tmr.o(i.tmr_channel1_input_select), (10 bytes).
    Removing at32f421_tmr.o(i.tmr_channel_dma_select), (10 bytes).
    Removing at32f421_tmr.o(i.tmr_channel_enable), (96 bytes).
    Removing at32f421_tmr.o(i.tmr_channel_value_get), (46 bytes).
    Removing at32f421_tmr.o(i.tmr_channel_value_set), (40 bytes).
    Removing at32f421_tmr.o(i.tmr_clock_source_div_set), (10 bytes).
    Removing at32f421_tmr.o(i.tmr_cnt_dir_set), (10 bytes).
    Removing at32f421_tmr.o(i.tmr_counter_value_get), (6 bytes).
    Removing at32f421_tmr.o(i.tmr_counter_value_set), (4 bytes).
    Removing at32f421_tmr.o(i.tmr_div_value_get), (6 bytes).
    Removing at32f421_tmr.o(i.tmr_div_value_set), (4 bytes).
    Removing at32f421_tmr.o(i.tmr_dma_control_config), (18 bytes).
    Removing at32f421_tmr.o(i.tmr_dma_request_enable), (22 bytes).
    Removing at32f421_tmr.o(i.tmr_encoder_mode_config), (70 bytes).
    Removing at32f421_tmr.o(i.tmr_event_sw_trigger), (8 bytes).
    Removing at32f421_tmr.o(i.tmr_external_clock_config), (28 bytes).
    Removing at32f421_tmr.o(i.tmr_external_clock_mode1_config), (44 bytes).
    Removing at32f421_tmr.o(i.tmr_external_clock_mode2_config), (36 bytes).
    Removing at32f421_tmr.o(i.tmr_flag_clear), (6 bytes).
    Removing at32f421_tmr.o(i.tmr_flag_get), (18 bytes).
    Removing at32f421_tmr.o(i.tmr_force_output_set), (66 bytes).
    Removing at32f421_tmr.o(i.tmr_hall_select), (10 bytes).
    Removing at32f421_tmr.o(i.tmr_input_channel_divider_set), (66 bytes).
    Removing at32f421_tmr.o(i.tmr_input_channel_filter_set), (66 bytes).
    Removing at32f421_tmr.o(i.tmr_input_channel_init), (270 bytes).
    Removing at32f421_tmr.o(i.tmr_input_default_para_init), (16 bytes).
    Removing at32f421_tmr.o(i.tmr_internal_clock_set), (10 bytes).
    Removing at32f421_tmr.o(i.tmr_interrupt_enable), (22 bytes).
    Removing at32f421_tmr.o(i.tmr_iremap_config), (10 bytes).
    Removing at32f421_tmr.o(i.tmr_one_cycle_mode_enable), (10 bytes).
    Removing at32f421_tmr.o(i.tmr_output_channel_buffer_enable), (66 bytes).
    Removing at32f421_tmr.o(i.tmr_output_channel_config), (236 bytes).
    Removing at32f421_tmr.o(i.tmr_output_channel_immediately_set), (66 bytes).
    Removing at32f421_tmr.o(i.tmr_output_channel_mode_select), (66 bytes).
    Removing at32f421_tmr.o(i.tmr_output_channel_polarity_set), (96 bytes).
    Removing at32f421_tmr.o(i.tmr_output_channel_switch_set), (66 bytes).
    Removing at32f421_tmr.o(i.tmr_output_default_para_init), (18 bytes).
    Removing at32f421_tmr.o(i.tmr_output_enable), (10 bytes).
    Removing at32f421_tmr.o(i.tmr_overflow_event_disable), (10 bytes).
    Removing at32f421_tmr.o(i.tmr_overflow_request_source_set), (10 bytes).
    Removing at32f421_tmr.o(i.tmr_period_buffer_enable), (10 bytes).
    Removing at32f421_tmr.o(i.tmr_period_value_get), (6 bytes).
    Removing at32f421_tmr.o(i.tmr_primary_mode_select), (10 bytes).
    Removing at32f421_tmr.o(i.tmr_pwm_input_config), (350 bytes).
    Removing at32f421_tmr.o(i.tmr_repetition_counter_set), (10 bytes).
    Removing at32f421_tmr.o(i.tmr_reset), (216 bytes).
    Removing at32f421_tmr.o(i.tmr_sub_mode_select), (10 bytes).
    Removing at32f421_tmr.o(i.tmr_sub_sync_mode_set), (10 bytes).
    Removing at32f421_tmr.o(i.tmr_trigger_input_select), (10 bytes).
    Removing at32f421_usart.o(.rev16_text), (4 bytes).
    Removing at32f421_usart.o(.revsh_text), (4 bytes).
    Removing at32f421_usart.o(.rrx_text), (6 bytes).
    Removing at32f421_usart.o(i.usart_break_bit_num_set), (10 bytes).
    Removing at32f421_usart.o(i.usart_break_send), (12 bytes).
    Removing at32f421_usart.o(i.usart_clock_config), (28 bytes).
    Removing at32f421_usart.o(i.usart_clock_enable), (10 bytes).
    Removing at32f421_usart.o(i.usart_data_receive), (8 bytes).
    Removing at32f421_usart.o(i.usart_data_transmit), (8 bytes).
    Removing at32f421_usart.o(i.usart_dma_receiver_enable), (10 bytes).
    Removing at32f421_usart.o(i.usart_dma_transmitter_enable), (10 bytes).
    Removing at32f421_usart.o(i.usart_enable), (10 bytes).
    Removing at32f421_usart.o(i.usart_flag_clear), (6 bytes).
    Removing at32f421_usart.o(i.usart_flag_get), (16 bytes).
    Removing at32f421_usart.o(i.usart_hardware_flow_control_set), (102 bytes).
    Removing at32f421_usart.o(i.usart_init), (108 bytes).
    Removing at32f421_usart.o(i.usart_interrupt_enable), (54 bytes).
    Removing at32f421_usart.o(i.usart_irda_low_power_enable), (10 bytes).
    Removing at32f421_usart.o(i.usart_irda_mode_enable), (10 bytes).
    Removing at32f421_usart.o(i.usart_irda_smartcard_division_set), (10 bytes).
    Removing at32f421_usart.o(i.usart_lin_mode_enable), (10 bytes).
    Removing at32f421_usart.o(i.usart_parity_selection_config), (76 bytes).
    Removing at32f421_usart.o(i.usart_receiver_enable), (10 bytes).
    Removing at32f421_usart.o(i.usart_receiver_mute_enable), (10 bytes).
    Removing at32f421_usart.o(i.usart_reset), (64 bytes).
    Removing at32f421_usart.o(i.usart_single_line_halfduplex_select), (10 bytes).
    Removing at32f421_usart.o(i.usart_smartcard_guard_time_set), (10 bytes).
    Removing at32f421_usart.o(i.usart_smartcard_mode_enable), (10 bytes).
    Removing at32f421_usart.o(i.usart_smartcard_nack_set), (10 bytes).
    Removing at32f421_usart.o(i.usart_transmit_receive_pin_swap), (10 bytes).
    Removing at32f421_usart.o(i.usart_transmitter_enable), (10 bytes).
    Removing at32f421_usart.o(i.usart_wakeup_id_set), (10 bytes).
    Removing at32f421_usart.o(i.usart_wakeup_mode_set), (10 bytes).
    Removing at32f421_wdt.o(.rev16_text), (4 bytes).
    Removing at32f421_wdt.o(.revsh_text), (4 bytes).
    Removing at32f421_wdt.o(.rrx_text), (6 bytes).
    Removing at32f421_wdt.o(i.wdt_enable), (16 bytes).
    Removing at32f421_wdt.o(i.wdt_flag_get), (24 bytes).
    Removing at32f421_wdt.o(i.wdt_reload_value_set), (12 bytes).
    Removing system_at32f421.o(.rev16_text), (4 bytes).
    Removing system_at32f421.o(.revsh_text), (4 bytes).
    Removing system_at32f421.o(.rrx_text), (6 bytes).
    Removing system_at32f421.o(i.system_core_clock_update), (340 bytes).
    Removing system_at32f421.o(.constdata), (16 bytes).
    Removing system_at32f421.o(.data), (4 bytes).
    Removing at32f421_exint.o(.rev16_text), (4 bytes).
    Removing at32f421_exint.o(.revsh_text), (4 bytes).
    Removing at32f421_exint.o(.rrx_text), (6 bytes).
    Removing at32f421_exint.o(i.exint_flag_clear), (12 bytes).
    Removing at32f421_exint.o(i.exint_flag_get), (28 bytes).
    Removing at32f421_exint.o(i.exint_reset), (40 bytes).
    Removing at32f421_exint.o(i.exint_software_interrupt_event_generate), (16 bytes).
    Removing at32f421_pwc.o(.rev16_text), (4 bytes).
    Removing at32f421_pwc.o(.revsh_text), (4 bytes).
    Removing at32f421_pwc.o(.rrx_text), (6 bytes).
    Removing at32f421_pwc.o(i.pwc_battery_powered_domain_access), (20 bytes).
    Removing at32f421_pwc.o(i.pwc_deep_sleep_mode_enter), (48 bytes).
    Removing at32f421_pwc.o(i.pwc_flag_clear), (48 bytes).
    Removing at32f421_pwc.o(i.pwc_flag_get), (24 bytes).
    Removing at32f421_pwc.o(i.pwc_power_voltage_monitor_enable), (20 bytes).
    Removing at32f421_pwc.o(i.pwc_pvm_level_select), (20 bytes).
    Removing at32f421_pwc.o(i.pwc_reset), (24 bytes).
    Removing at32f421_pwc.o(i.pwc_sleep_mode_enter), (36 bytes).
    Removing at32f421_pwc.o(i.pwc_standby_mode_enter), (56 bytes).
    Removing at32f421_pwc.o(i.pwc_voltage_regulate_set), (100 bytes).
    Removing at32f421_pwc.o(i.pwc_wakeup_pin_enable), (32 bytes).
    Removing at32f421_scfg.o(.rev16_text), (4 bytes).
    Removing at32f421_scfg.o(.revsh_text), (4 bytes).
    Removing at32f421_scfg.o(.rrx_text), (6 bytes).
    Removing at32f421_scfg.o(i.scfg_adc_dma_channel_remap), (20 bytes).
    Removing at32f421_scfg.o(i.scfg_exint_line_config), (164 bytes).
    Removing at32f421_scfg.o(i.scfg_infrared_config), (28 bytes).
    Removing at32f421_scfg.o(i.scfg_mem_map_get), (16 bytes).
    Removing at32f421_scfg.o(i.scfg_pa11pa12_pin_remap), (20 bytes).
    Removing at32f421_scfg.o(i.scfg_reset), (24 bytes).
    Removing at32f421_scfg.o(i.scfg_tmr16_dma_channel_remap), (20 bytes).
    Removing at32f421_scfg.o(i.scfg_tmr17_dma_channel_remap), (20 bytes).
    Removing at32f421_scfg.o(i.scfg_usart1_rx_dma_channel_remap), (20 bytes).
    Removing at32f421_scfg.o(i.scfg_usart1_tx_dma_channel_remap), (20 bytes).

290 unused section(s) (total 11154 bytes) removed from the image.

==============================================================================

Image Symbol Table

    Local Symbols

    Symbol Name                              Value     Ov Type        Size  Object(Section)

    ../clib/angel/boardlib.s                 0x00000000   Number         0  boardinit1.o ABSOLUTE
    ../clib/angel/boardlib.s                 0x00000000   Number         0  boardshut.o ABSOLUTE
    ../clib/angel/boardlib.s                 0x00000000   Number         0  boardinit3.o ABSOLUTE
    ../clib/angel/boardlib.s                 0x00000000   Number         0  boardinit2.o ABSOLUTE
    ../clib/angel/handlers.s                 0x00000000   Number         0  __scatter_zi.o ABSOLUTE
    ../clib/angel/handlers.s                 0x00000000   Number         0  __scatter_copy.o ABSOLUTE
    ../clib/angel/kernel.s                   0x00000000   Number         0  rtexit.o ABSOLUTE
    ../clib/angel/kernel.s                   0x00000000   Number         0  __rtentry4.o ABSOLUTE
    ../clib/angel/kernel.s                   0x00000000   Number         0  __rtentry2.o ABSOLUTE
    ../clib/angel/kernel.s                   0x00000000   Number         0  rtexit2.o ABSOLUTE
    ../clib/angel/kernel.s                   0x00000000   Number         0  __rtentry.o ABSOLUTE
    ../clib/angel/rt.s                       0x00000000   Number         0  rt_div0.o ABSOLUTE
    ../clib/angel/rt.s                       0x00000000   Number         0  rt_raise.o ABSOLUTE
    ../clib/angel/rt.s                       0x00000000   Number         0  aeabi_ldiv0.o ABSOLUTE
    ../clib/angel/rt.s                       0x00000000   Number         0  aeabi_ldiv0_sigfpe.o ABSOLUTE
    ../clib/angel/scatter.s                  0x00000000   Number         0  __scatter.o ABSOLUTE
    ../clib/angel/startup.s                  0x00000000   Number         0  __main.o ABSOLUTE
    ../clib/angel/sys.s                      0x00000000   Number         0  libspace.o ABSOLUTE
    ../clib/angel/sys.s                      0x00000000   Number         0  use_no_semi.o ABSOLUTE
    ../clib/angel/sys.s                      0x00000000   Number         0  indicate_semi.o ABSOLUTE
    ../clib/angel/sys.s                      0x00000000   Number         0  sys_stackheap_outer.o ABSOLUTE
    ../clib/angel/sysapp.c                   0x00000000   Number         0  sys_wrch.o ABSOLUTE
    ../clib/angel/sysapp.c                   0x00000000   Number         0  sys_exit.o ABSOLUTE
    ../clib/angel/sysapp.c                   0x00000000   Number         0  sys_command.o ABSOLUTE
    ../clib/armsys.c                         0x00000000   Number         0  no_argv.o ABSOLUTE
    ../clib/armsys.c                         0x00000000   Number         0  _get_argv_nomalloc.o ABSOLUTE
    ../clib/armsys.c                         0x00000000   Number         0  argv_veneer.o ABSOLUTE
    ../clib/armsys.c                         0x00000000   Number         0  argv_veneer.o ABSOLUTE
    ../clib/heapalloc.c                      0x00000000   Number         0  hrguard.o ABSOLUTE
    ../clib/heapaux.c                        0x00000000   Number         0  heapauxi.o ABSOLUTE
    ../clib/libinit.s                        0x00000000   Number         0  libinit2.o ABSOLUTE
    ../clib/libinit.s                        0x00000000   Number         0  libshutdown.o ABSOLUTE
    ../clib/libinit.s                        0x00000000   Number         0  libinit.o ABSOLUTE
    ../clib/libinit.s                        0x00000000   Number         0  libshutdown2.o ABSOLUTE
    ../clib/longlong.s                       0x00000000   Number         0  lludivv7m.o ABSOLUTE
    ../clib/signal.c                         0x00000000   Number         0  defsig_fpe_outer.o ABSOLUTE
    ../clib/signal.c                         0x00000000   Number         0  defsig_stak_inner.o ABSOLUTE
    ../clib/signal.c                         0x00000000   Number         0  defsig_rtmem_formal.o ABSOLUTE
    ../clib/signal.c                         0x00000000   Number         0  defsig_rtmem_outer.o ABSOLUTE
    ../clib/signal.c                         0x00000000   Number         0  defsig_rtred_inner.o ABSOLUTE
    ../clib/signal.c                         0x00000000   Number         0  defsig_abrt_inner.o ABSOLUTE
    ../clib/signal.c                         0x00000000   Number         0  defsig_general.o ABSOLUTE
    ../clib/signal.c                         0x00000000   Number         0  __raise.o ABSOLUTE
    ../clib/signal.c                         0x00000000   Number         0  defsig_rtmem_inner.o ABSOLUTE
    ../clib/signal.c                         0x00000000   Number         0  defsig_fpe_inner.o ABSOLUTE
    ../clib/signal.c                         0x00000000   Number         0  defsig_exit.o ABSOLUTE
    ../clib/signal.c                         0x00000000   Number         0  defsig_fpe_formal.o ABSOLUTE
    ../clib/signal.c                         0x00000000   Number         0  defsig_other.o ABSOLUTE
    ../clib/signal.c                         0x00000000   Number         0  defsig_segv_inner.o ABSOLUTE
    ../clib/signal.c                         0x00000000   Number         0  defsig_cppl_inner.o ABSOLUTE
    ../clib/signal.c                         0x00000000   Number         0  defsig_pvfn_inner.o ABSOLUTE
    ../clib/signal.s                         0x00000000   Number         0  defsig.o ABSOLUTE
    ../clib/stdlib.c                         0x00000000   Number         0  exit.o ABSOLUTE
    ../fplib/fpinit.s                        0x00000000   Number         0  fpinit.o ABSOLUTE
    RTE\Device\-AT32F421K8T7\at32f421_adc.c  0x00000000   Number         0  at32f421_adc.o ABSOLUTE
    RTE\Device\-AT32F421K8T7\at32f421_cmp.c  0x00000000   Number         0  at32f421_cmp.o ABSOLUTE
    RTE\Device\-AT32F421K8T7\at32f421_crm.c  0x00000000   Number         0  at32f421_crm.o ABSOLUTE
    RTE\Device\-AT32F421K8T7\at32f421_ertc.c 0x00000000   Number         0  at32f421_ertc.o ABSOLUTE
    RTE\Device\-AT32F421K8T7\at32f421_exint.c 0x00000000   Number         0  at32f421_exint.o ABSOLUTE
    RTE\Device\-AT32F421K8T7\at32f421_gpio.c 0x00000000   Number         0  at32f421_gpio.o ABSOLUTE
    RTE\Device\-AT32F421K8T7\at32f421_misc.c 0x00000000   Number         0  at32f421_misc.o ABSOLUTE
    RTE\Device\-AT32F421K8T7\at32f421_pwc.c  0x00000000   Number         0  at32f421_pwc.o ABSOLUTE
    RTE\Device\-AT32F421K8T7\at32f421_scfg.c 0x00000000   Number         0  at32f421_scfg.o ABSOLUTE
    RTE\Device\-AT32F421K8T7\at32f421_tmr.c  0x00000000   Number         0  at32f421_tmr.o ABSOLUTE
    RTE\Device\-AT32F421K8T7\at32f421_usart.c 0x00000000   Number         0  at32f421_usart.o ABSOLUTE
    RTE\Device\-AT32F421K8T7\at32f421_wdt.c  0x00000000   Number         0  at32f421_wdt.o ABSOLUTE
    RTE\Device\-AT32F421K8T7\startup_at32f421.s 0x00000000   Number         0  startup_at32f421.o ABSOLUTE
    RTE\Device\-AT32F421K8T7\system_at32f421.c 0x00000000   Number         0  system_at32f421.o ABSOLUTE
    RTE\\Device\\-AT32F421K8T7\\at32f421_adc.c 0x00000000   Number         0  at32f421_adc.o ABSOLUTE
    RTE\\Device\\-AT32F421K8T7\\at32f421_cmp.c 0x00000000   Number         0  at32f421_cmp.o ABSOLUTE
    RTE\\Device\\-AT32F421K8T7\\at32f421_crm.c 0x00000000   Number         0  at32f421_crm.o ABSOLUTE
    RTE\\Device\\-AT32F421K8T7\\at32f421_ertc.c 0x00000000   Number         0  at32f421_ertc.o ABSOLUTE
    RTE\\Device\\-AT32F421K8T7\\at32f421_exint.c 0x00000000   Number         0  at32f421_exint.o ABSOLUTE
    RTE\\Device\\-AT32F421K8T7\\at32f421_gpio.c 0x00000000   Number         0  at32f421_gpio.o ABSOLUTE
    RTE\\Device\\-AT32F421K8T7\\at32f421_misc.c 0x00000000   Number         0  at32f421_misc.o ABSOLUTE
    RTE\\Device\\-AT32F421K8T7\\at32f421_pwc.c 0x00000000   Number         0  at32f421_pwc.o ABSOLUTE
    RTE\\Device\\-AT32F421K8T7\\at32f421_scfg.c 0x00000000   Number         0  at32f421_scfg.o ABSOLUTE
    RTE\\Device\\-AT32F421K8T7\\at32f421_tmr.c 0x00000000   Number         0  at32f421_tmr.o ABSOLUTE
    RTE\\Device\\-AT32F421K8T7\\at32f421_usart.c 0x00000000   Number         0  at32f421_usart.o ABSOLUTE
    RTE\\Device\\-AT32F421K8T7\\at32f421_wdt.c 0x00000000   Number         0  at32f421_wdt.o ABSOLUTE
    RTE\\Device\\-AT32F421K8T7\\system_at32f421.c 0x00000000   Number         0  system_at32f421.o ABSOLUTE
    dc.s                                     0x00000000   Number         0  dc.o ABSOLUTE
    main.c                                   0x00000000   Number         0  main.o ABSOLUTE
    main.c                                   0x00000000   Number         0  main.o ABSOLUTE
    RESET                                    0x08000000   Section      204  startup_at32f421.o(RESET)
    !!!main                                  0x080000cc   Section        8  __main.o(!!!main)
    !!!scatter                               0x080000d4   Section       52  __scatter.o(!!!scatter)
    !!handler_copy                           0x08000108   Section       26  __scatter_copy.o(!!handler_copy)
    !!handler_zi                             0x08000124   Section       28  __scatter_zi.o(!!handler_zi)
    .ARM.Collect$$libinit$$00000000          0x08000140   Section        2  libinit.o(.ARM.Collect$$libinit$$00000000)
    .ARM.Collect$$libinit$$00000002          0x08000142   Section        0  libinit2.o(.ARM.Collect$$libinit$$00000002)
    .ARM.Collect$$libinit$$00000004          0x08000142   Section        0  libinit2.o(.ARM.Collect$$libinit$$00000004)
    .ARM.Collect$$libinit$$0000000A          0x08000142   Section        0  libinit2.o(.ARM.Collect$$libinit$$0000000A)
    .ARM.Collect$$libinit$$0000000C          0x08000142   Section        0  libinit2.o(.ARM.Collect$$libinit$$0000000C)
    .ARM.Collect$$libinit$$0000000E          0x08000142   Section        0  libinit2.o(.ARM.Collect$$libinit$$0000000E)
    .ARM.Collect$$libinit$$00000011          0x08000142   Section        0  libinit2.o(.ARM.Collect$$libinit$$00000011)
    .ARM.Collect$$libinit$$00000013          0x08000142   Section        0  libinit2.o(.ARM.Collect$$libinit$$00000013)
    .ARM.Collect$$libinit$$00000015          0x08000142   Section        0  libinit2.o(.ARM.Collect$$libinit$$00000015)
    .ARM.Collect$$libinit$$00000017          0x08000142   Section        0  libinit2.o(.ARM.Collect$$libinit$$00000017)
    .ARM.Collect$$libinit$$00000019          0x08000142   Section        0  libinit2.o(.ARM.Collect$$libinit$$00000019)
    .ARM.Collect$$libinit$$0000001B          0x08000142   Section        0  libinit2.o(.ARM.Collect$$libinit$$0000001B)
    .ARM.Collect$$libinit$$0000001D          0x08000142   Section        0  libinit2.o(.ARM.Collect$$libinit$$0000001D)
    .ARM.Collect$$libinit$$0000001F          0x08000142   Section        0  libinit2.o(.ARM.Collect$$libinit$$0000001F)
    .ARM.Collect$$libinit$$00000021          0x08000142   Section        0  libinit2.o(.ARM.Collect$$libinit$$00000021)
    .ARM.Collect$$libinit$$00000023          0x08000142   Section        0  libinit2.o(.ARM.Collect$$libinit$$00000023)
    .ARM.Collect$$libinit$$00000025          0x08000142   Section        0  libinit2.o(.ARM.Collect$$libinit$$00000025)
    .ARM.Collect$$libinit$$0000002C          0x08000142   Section        0  libinit2.o(.ARM.Collect$$libinit$$0000002C)
    .ARM.Collect$$libinit$$0000002E          0x08000142   Section        0  libinit2.o(.ARM.Collect$$libinit$$0000002E)
    .ARM.Collect$$libinit$$00000030          0x08000142   Section        0  libinit2.o(.ARM.Collect$$libinit$$00000030)
    .ARM.Collect$$libinit$$00000032          0x08000142   Section        0  libinit2.o(.ARM.Collect$$libinit$$00000032)
    .ARM.Collect$$libinit$$00000033          0x08000142   Section        2  libinit2.o(.ARM.Collect$$libinit$$00000033)
    .ARM.Collect$$libshutdown$$00000000      0x08000144   Section        2  libshutdown.o(.ARM.Collect$$libshutdown$$00000000)
    .ARM.Collect$$libshutdown$$00000002      0x08000146   Section        0  libshutdown2.o(.ARM.Collect$$libshutdown$$00000002)
    .ARM.Collect$$libshutdown$$00000004      0x08000146   Section        0  libshutdown2.o(.ARM.Collect$$libshutdown$$00000004)
    .ARM.Collect$$libshutdown$$00000007      0x08000146   Section        0  libshutdown2.o(.ARM.Collect$$libshutdown$$00000007)
    .ARM.Collect$$libshutdown$$0000000A      0x08000146   Section        0  libshutdown2.o(.ARM.Collect$$libshutdown$$0000000A)
    .ARM.Collect$$libshutdown$$0000000C      0x08000146   Section        0  libshutdown2.o(.ARM.Collect$$libshutdown$$0000000C)
    .ARM.Collect$$libshutdown$$0000000F      0x08000146   Section        0  libshutdown2.o(.ARM.Collect$$libshutdown$$0000000F)
    .ARM.Collect$$libshutdown$$00000010      0x08000146   Section        2  libshutdown2.o(.ARM.Collect$$libshutdown$$00000010)
    .ARM.Collect$$rtentry$$00000000          0x08000148   Section        0  __rtentry.o(.ARM.Collect$$rtentry$$00000000)
    .ARM.Collect$$rtentry$$00000002          0x08000148   Section        0  __rtentry2.o(.ARM.Collect$$rtentry$$00000002)
    .ARM.Collect$$rtentry$$00000004          0x08000148   Section        6  __rtentry4.o(.ARM.Collect$$rtentry$$00000004)
    .ARM.Collect$$rtentry$$00000009          0x0800014e   Section        0  __rtentry2.o(.ARM.Collect$$rtentry$$00000009)
    .ARM.Collect$$rtentry$$0000000A          0x0800014e   Section        4  __rtentry2.o(.ARM.Collect$$rtentry$$0000000A)
    .ARM.Collect$$rtentry$$0000000C          0x08000152   Section        0  __rtentry2.o(.ARM.Collect$$rtentry$$0000000C)
    .ARM.Collect$$rtentry$$0000000D          0x08000152   Section        8  __rtentry2.o(.ARM.Collect$$rtentry$$0000000D)
    .ARM.Collect$$rtexit$$00000000           0x0800015a   Section        2  rtexit.o(.ARM.Collect$$rtexit$$00000000)
    .ARM.Collect$$rtexit$$00000002           0x0800015c   Section        0  rtexit2.o(.ARM.Collect$$rtexit$$00000002)
    .ARM.Collect$$rtexit$$00000003           0x0800015c   Section        4  rtexit2.o(.ARM.Collect$$rtexit$$00000003)
    .ARM.Collect$$rtexit$$00000004           0x08000160   Section        6  rtexit2.o(.ARM.Collect$$rtexit$$00000004)
    .text                                    0x08000168   Section       64  startup_at32f421.o(.text)
    .text                                    0x080001a8   Section        0  heapauxi.o(.text)
    .text                                    0x080001ae   Section       74  sys_stackheap_outer.o(.text)
    .text                                    0x080001f8   Section        0  exit.o(.text)
    .text                                    0x0800020c   Section        8  libspace.o(.text)
    .text                                    0x08000214   Section        0  sys_exit.o(.text)
    .text                                    0x08000220   Section        2  use_no_semi.o(.text)
    .text                                    0x08000222   Section        0  indicate_semi.o(.text)
    i.ADC1_CMP_IRQHandler                    0x08000222   Section        0  main.o(i.ADC1_CMP_IRQHandler)
    i.SystemInit                             0x08000234   Section        0  system_at32f421.o(i.SystemInit)
    i.TMR6_GLOBAL_IRQHandler                 0x080002a0   Section        0  main.o(i.TMR6_GLOBAL_IRQHandler)
    i.cmp_default_para_init                  0x080002e0   Section        0  at32f421_cmp.o(i.cmp_default_para_init)
    i.cmp_enable                             0x080002f4   Section        0  at32f421_cmp.o(i.cmp_enable)
    i.crm_periph_clock_enable                0x08000308   Section        0  at32f421_crm.o(i.crm_periph_clock_enable)
    i.delay                                  0x0800034c   Section        0  main.o(i.delay)
    i.exint_default_para_init                0x08000356   Section        0  at32f421_exint.o(i.exint_default_para_init)
    i.exint_event_enable                     0x08000364   Section        0  at32f421_exint.o(i.exint_event_enable)
    i.exint_init                             0x08000384   Section        0  at32f421_exint.o(i.exint_init)
    i.exint_interrupt_enable                 0x0800041c   Section        0  at32f421_exint.o(i.exint_interrupt_enable)
    i.gpio_bits_reset                        0x0800043c   Section        0  at32f421_gpio.o(i.gpio_bits_reset)
    i.gpio_bits_set                          0x08000440   Section        0  at32f421_gpio.o(i.gpio_bits_set)
    i.gpio_init                              0x08000444   Section        0  at32f421_gpio.o(i.gpio_init)
    i.gpio_set                               0x080004be   Section        0  main.o(i.gpio_set)
    i.main                                   0x080004f0   Section        0  main.o(i.main)
    i.nvic_irq_enable                        0x08000628   Section        0  at32f421_misc.o(i.nvic_irq_enable)
    i.timer_init                             0x080006f0   Section        0  main.o(i.timer_init)
    i.tmr_base_init                          0x08000740   Section        0  at32f421_tmr.o(i.tmr_base_init)
    i.tmr_channel_buffer_enable              0x08000750   Section        0  at32f421_tmr.o(i.tmr_channel_buffer_enable)
    i.tmr_counter_enable                     0x0800075a   Section        0  at32f421_tmr.o(i.tmr_counter_enable)
    i.tmr_period_value_set                   0x08000764   Section        0  at32f421_tmr.o(i.tmr_period_value_set)
    i.wdt_counter_reload                     0x08000768   Section        0  at32f421_wdt.o(i.wdt_counter_reload)
    i.wdt_divider_set                        0x08000778   Section        0  at32f421_wdt.o(i.wdt_divider_set)
    i.wdt_register_write_enable              0x0800078c   Section        0  at32f421_wdt.o(i.wdt_register_write_enable)
    .data                                    0x20000000   Section        8  main.o(.data)
    .bss                                     0x20000008   Section       96  libspace.o(.bss)
    HEAP                                     0x20000068   Section      512  startup_at32f421.o(HEAP)
    Heap_Mem                                 0x20000068   Data         512  startup_at32f421.o(HEAP)
    STACK                                    0x20000268   Section     1024  startup_at32f421.o(STACK)
    Stack_Mem                                0x20000268   Data        1024  startup_at32f421.o(STACK)
    __initial_sp                             0x20000668   Data           0  startup_at32f421.o(STACK)

    Global Symbols

    Symbol Name                              Value     Ov Type        Size  Object(Section)

    BuildAttributes$$THM_ISAv4$E$P$D$K$B$S$7EM$PE$A:L22UL41UL21$X:L11$S22US41US21$IEEE1$IW$USESV6$~STKCKD$USESV7$~SHL$OSPACE$ROPI$EBA8$UX$STANDARDLIB$REQ8$PRES8$EABIv2 0x00000000   Number         0  anon$$obj.o ABSOLUTE
    __ARM_use_no_argv                        0x00000000   Number         0  main.o ABSOLUTE
    __ARM_exceptions_init                     - Undefined Weak Reference
    __alloca_initialize                       - Undefined Weak Reference
    __arm_preinit_                            - Undefined Weak Reference
    __cpp_initialize__aeabi_                  - Undefined Weak Reference
    __cxa_finalize                            - Undefined Weak Reference
    __rt_locale                               - Undefined Weak Reference
    __sigvec_lookup                           - Undefined Weak Reference
    _atexit_init                              - Undefined Weak Reference
    _call_atexit_fns                          - Undefined Weak Reference
    _clock_init                               - Undefined Weak Reference
    _fp_trap_init                             - Undefined Weak Reference
    _fp_trap_shutdown                         - Undefined Weak Reference
    _get_lc_collate                           - Undefined Weak Reference
    _get_lc_ctype                             - Undefined Weak Reference
    _get_lc_monetary                          - Undefined Weak Reference
    _get_lc_numeric                           - Undefined Weak Reference
    _get_lc_time                              - Undefined Weak Reference
    _getenv_init                              - Undefined Weak Reference
    _handle_redirection                       - Undefined Weak Reference
    _init_alloc                               - Undefined Weak Reference
    _init_user_alloc                          - Undefined Weak Reference
    _initio                                   - Undefined Weak Reference
    _rand_init                                - Undefined Weak Reference
    _signal_finish                            - Undefined Weak Reference
    _signal_init                              - Undefined Weak Reference
    _terminate_alloc                          - Undefined Weak Reference
    _terminate_user_alloc                     - Undefined Weak Reference
    _terminateio                              - Undefined Weak Reference
    __Vectors_Size                           0x000000cc   Number         0  startup_at32f421.o ABSOLUTE
    __Vectors                                0x08000000   Data           4  startup_at32f421.o(RESET)
    __Vectors_End                            0x080000cc   Data           0  startup_at32f421.o(RESET)
    __main                                   0x080000cd   Thumb Code     8  __main.o(!!!main)
    __scatterload                            0x080000d5   Thumb Code     0  __scatter.o(!!!scatter)
    __scatterload_rt2                        0x080000d5   Thumb Code    44  __scatter.o(!!!scatter)
    __scatterload_rt2_thumb_only             0x080000d5   Thumb Code     0  __scatter.o(!!!scatter)
    __scatterload_null                       0x080000e3   Thumb Code     0  __scatter.o(!!!scatter)
    __scatterload_copy                       0x08000109   Thumb Code    26  __scatter_copy.o(!!handler_copy)
    __scatterload_zeroinit                   0x08000125   Thumb Code    28  __scatter_zi.o(!!handler_zi)
    __rt_lib_init                            0x08000141   Thumb Code     0  libinit.o(.ARM.Collect$$libinit$$00000000)
    __rt_lib_init_alloca_1                   0x08000143   Thumb Code     0  libinit2.o(.ARM.Collect$$libinit$$0000002E)
    __rt_lib_init_argv_1                     0x08000143   Thumb Code     0  libinit2.o(.ARM.Collect$$libinit$$0000002C)
    __rt_lib_init_atexit_1                   0x08000143   Thumb Code     0  libinit2.o(.ARM.Collect$$libinit$$0000001B)
    __rt_lib_init_clock_1                    0x08000143   Thumb Code     0  libinit2.o(.ARM.Collect$$libinit$$00000021)
    __rt_lib_init_cpp_1                      0x08000143   Thumb Code     0  libinit2.o(.ARM.Collect$$libinit$$00000032)
    __rt_lib_init_exceptions_1               0x08000143   Thumb Code     0  libinit2.o(.ARM.Collect$$libinit$$00000030)
    __rt_lib_init_fp_1                       0x08000143   Thumb Code     0  libinit2.o(.ARM.Collect$$libinit$$00000002)
    __rt_lib_init_fp_trap_1                  0x08000143   Thumb Code     0  libinit2.o(.ARM.Collect$$libinit$$0000001F)
    __rt_lib_init_getenv_1                   0x08000143   Thumb Code     0  libinit2.o(.ARM.Collect$$libinit$$00000023)
    __rt_lib_init_heap_1                     0x08000143   Thumb Code     0  libinit2.o(.ARM.Collect$$libinit$$0000000A)
    __rt_lib_init_lc_collate_1               0x08000143   Thumb Code     0  libinit2.o(.ARM.Collect$$libinit$$00000011)
    __rt_lib_init_lc_ctype_1                 0x08000143   Thumb Code     0  libinit2.o(.ARM.Collect$$libinit$$00000013)
    __rt_lib_init_lc_monetary_1              0x08000143   Thumb Code     0  libinit2.o(.ARM.Collect$$libinit$$00000015)
    __rt_lib_init_lc_numeric_1               0x08000143   Thumb Code     0  libinit2.o(.ARM.Collect$$libinit$$00000017)
    __rt_lib_init_lc_time_1                  0x08000143   Thumb Code     0  libinit2.o(.ARM.Collect$$libinit$$00000019)
    __rt_lib_init_preinit_1                  0x08000143   Thumb Code     0  libinit2.o(.ARM.Collect$$libinit$$00000004)
    __rt_lib_init_rand_1                     0x08000143   Thumb Code     0  libinit2.o(.ARM.Collect$$libinit$$0000000E)
    __rt_lib_init_return                     0x08000143   Thumb Code     0  libinit2.o(.ARM.Collect$$libinit$$00000033)
    __rt_lib_init_signal_1                   0x08000143   Thumb Code     0  libinit2.o(.ARM.Collect$$libinit$$0000001D)
    __rt_lib_init_stdio_1                    0x08000143   Thumb Code     0  libinit2.o(.ARM.Collect$$libinit$$00000025)
    __rt_lib_init_user_alloc_1               0x08000143   Thumb Code     0  libinit2.o(.ARM.Collect$$libinit$$0000000C)
    __rt_lib_shutdown                        0x08000145   Thumb Code     0  libshutdown.o(.ARM.Collect$$libshutdown$$00000000)
    __rt_lib_shutdown_cpp_1                  0x08000147   Thumb Code     0  libshutdown2.o(.ARM.Collect$$libshutdown$$00000002)
    __rt_lib_shutdown_fp_trap_1              0x08000147   Thumb Code     0  libshutdown2.o(.ARM.Collect$$libshutdown$$00000007)
    __rt_lib_shutdown_heap_1                 0x08000147   Thumb Code     0  libshutdown2.o(.ARM.Collect$$libshutdown$$0000000F)
    __rt_lib_shutdown_return                 0x08000147   Thumb Code     0  libshutdown2.o(.ARM.Collect$$libshutdown$$00000010)
    __rt_lib_shutdown_signal_1               0x08000147   Thumb Code     0  libshutdown2.o(.ARM.Collect$$libshutdown$$0000000A)
    __rt_lib_shutdown_stdio_1                0x08000147   Thumb Code     0  libshutdown2.o(.ARM.Collect$$libshutdown$$00000004)
    __rt_lib_shutdown_user_alloc_1           0x08000147   Thumb Code     0  libshutdown2.o(.ARM.Collect$$libshutdown$$0000000C)
    __rt_entry                               0x08000149   Thumb Code     0  __rtentry.o(.ARM.Collect$$rtentry$$00000000)
    __rt_entry_presh_1                       0x08000149   Thumb Code     0  __rtentry2.o(.ARM.Collect$$rtentry$$00000002)
    __rt_entry_sh                            0x08000149   Thumb Code     0  __rtentry4.o(.ARM.Collect$$rtentry$$00000004)
    __rt_entry_li                            0x0800014f   Thumb Code     0  __rtentry2.o(.ARM.Collect$$rtentry$$0000000A)
    __rt_entry_postsh_1                      0x0800014f   Thumb Code     0  __rtentry2.o(.ARM.Collect$$rtentry$$00000009)
    __rt_entry_main                          0x08000153   Thumb Code     0  __rtentry2.o(.ARM.Collect$$rtentry$$0000000D)
    __rt_entry_postli_1                      0x08000153   Thumb Code     0  __rtentry2.o(.ARM.Collect$$rtentry$$0000000C)
    __rt_exit                                0x0800015b   Thumb Code     0  rtexit.o(.ARM.Collect$$rtexit$$00000000)
    __rt_exit_ls                             0x0800015d   Thumb Code     0  rtexit2.o(.ARM.Collect$$rtexit$$00000003)
    __rt_exit_prels_1                        0x0800015d   Thumb Code     0  rtexit2.o(.ARM.Collect$$rtexit$$00000002)
    __rt_exit_exit                           0x08000161   Thumb Code     0  rtexit2.o(.ARM.Collect$$rtexit$$00000004)
    Reset_Handler                            0x08000169   Thumb Code     8  startup_at32f421.o(.text)
    NMI_Handler                              0x08000171   Thumb Code     2  startup_at32f421.o(.text)
    HardFault_Handler                        0x08000173   Thumb Code     2  startup_at32f421.o(.text)
    MemManage_Handler                        0x08000175   Thumb Code     2  startup_at32f421.o(.text)
    BusFault_Handler                         0x08000177   Thumb Code     2  startup_at32f421.o(.text)
    UsageFault_Handler                       0x08000179   Thumb Code     2  startup_at32f421.o(.text)
    SVC_Handler                              0x0800017b   Thumb Code     2  startup_at32f421.o(.text)
    DebugMon_Handler                         0x0800017d   Thumb Code     2  startup_at32f421.o(.text)
    PendSV_Handler                           0x0800017f   Thumb Code     2  startup_at32f421.o(.text)
    SysTick_Handler                          0x08000181   Thumb Code     2  startup_at32f421.o(.text)
    CRM_IRQHandler                           0x08000183   Thumb Code     0  startup_at32f421.o(.text)
    DMA1_Channel1_IRQHandler                 0x08000183   Thumb Code     0  startup_at32f421.o(.text)
    DMA1_Channel3_2_IRQHandler               0x08000183   Thumb Code     0  startup_at32f421.o(.text)
    DMA1_Channel5_4_IRQHandler               0x08000183   Thumb Code     0  startup_at32f421.o(.text)
    ERTC_IRQHandler                          0x08000183   Thumb Code     0  startup_at32f421.o(.text)
    EXINT15_4_IRQHandler                     0x08000183   Thumb Code     0  startup_at32f421.o(.text)
    EXINT1_0_IRQHandler                      0x08000183   Thumb Code     0  startup_at32f421.o(.text)
    EXINT3_2_IRQHandler                      0x08000183   Thumb Code     0  startup_at32f421.o(.text)
    FLASH_IRQHandler                         0x08000183   Thumb Code     0  startup_at32f421.o(.text)
    I2C1_ERR_IRQHandler                      0x08000183   Thumb Code     0  startup_at32f421.o(.text)
    I2C1_EVT_IRQHandler                      0x08000183   Thumb Code     0  startup_at32f421.o(.text)
    I2C2_ERR_IRQHandler                      0x08000183   Thumb Code     0  startup_at32f421.o(.text)
    I2C2_EVT_IRQHandler                      0x08000183   Thumb Code     0  startup_at32f421.o(.text)
    PVM_IRQHandler                           0x08000183   Thumb Code     0  startup_at32f421.o(.text)
    SPI1_IRQHandler                          0x08000183   Thumb Code     0  startup_at32f421.o(.text)
    SPI2_IRQHandler                          0x08000183   Thumb Code     0  startup_at32f421.o(.text)
    TMR14_GLOBAL_IRQHandler                  0x08000183   Thumb Code     0  startup_at32f421.o(.text)
    TMR15_GLOBAL_IRQHandler                  0x08000183   Thumb Code     0  startup_at32f421.o(.text)
    TMR16_GLOBAL_IRQHandler                  0x08000183   Thumb Code     0  startup_at32f421.o(.text)
    TMR17_GLOBAL_IRQHandler                  0x08000183   Thumb Code     0  startup_at32f421.o(.text)
    TMR1_BRK_OVF_TRG_HALL_IRQHandler         0x08000183   Thumb Code     0  startup_at32f421.o(.text)
    TMR1_CH_IRQHandler                       0x08000183   Thumb Code     0  startup_at32f421.o(.text)
    TMR3_GLOBAL_IRQHandler                   0x08000183   Thumb Code     0  startup_at32f421.o(.text)
    USART1_IRQHandler                        0x08000183   Thumb Code     0  startup_at32f421.o(.text)
    USART2_IRQHandler                        0x08000183   Thumb Code     0  startup_at32f421.o(.text)
    WWDT_IRQHandler                          0x08000183   Thumb Code     0  startup_at32f421.o(.text)
    __user_initial_stackheap                 0x08000185   Thumb Code     0  startup_at32f421.o(.text)
    __use_two_region_memory                  0x080001a9   Thumb Code     2  heapauxi.o(.text)
    __rt_heap_escrow$2region                 0x080001ab   Thumb Code     2  heapauxi.o(.text)
    __rt_heap_expand$2region                 0x080001ad   Thumb Code     2  heapauxi.o(.text)
    __user_setup_stackheap                   0x080001af   Thumb Code    74  sys_stackheap_outer.o(.text)
    exit                                     0x080001f9   Thumb Code    18  exit.o(.text)
    __user_libspace                          0x0800020d   Thumb Code     8  libspace.o(.text)
    __user_perproc_libspace                  0x0800020d   Thumb Code     0  libspace.o(.text)
    __user_perthread_libspace                0x0800020d   Thumb Code     0  libspace.o(.text)
    _sys_exit                                0x08000215   Thumb Code     8  sys_exit.o(.text)
    __I$use$semihosting                      0x08000221   Thumb Code     0  use_no_semi.o(.text)
    __use_no_semihosting_swi                 0x08000221   Thumb Code     2  use_no_semi.o(.text)
    ADC1_CMP_IRQHandler                      0x08000223   Thumb Code    18  main.o(i.ADC1_CMP_IRQHandler)
    __semihosting_library_function           0x08000223   Thumb Code     0  indicate_semi.o(.text)
    SystemInit                               0x08000235   Thumb Code    96  system_at32f421.o(i.SystemInit)
    TMR6_GLOBAL_IRQHandler                   0x080002a1   Thumb Code    60  main.o(i.TMR6_GLOBAL_IRQHandler)
    cmp_default_para_init                    0x080002e1   Thumb Code    18  at32f421_cmp.o(i.cmp_default_para_init)
    cmp_enable                               0x080002f5   Thumb Code    16  at32f421_cmp.o(i.cmp_enable)
    crm_periph_clock_enable                  0x08000309   Thumb Code    62  at32f421_crm.o(i.crm_periph_clock_enable)
    delay                                    0x0800034d   Thumb Code    10  main.o(i.delay)
    exint_default_para_init                  0x08000357   Thumb Code    14  at32f421_exint.o(i.exint_default_para_init)
    exint_event_enable                       0x08000365   Thumb Code    28  at32f421_exint.o(i.exint_event_enable)
    exint_init                               0x08000385   Thumb Code   148  at32f421_exint.o(i.exint_init)
    exint_interrupt_enable                   0x0800041d   Thumb Code    28  at32f421_exint.o(i.exint_interrupt_enable)
    gpio_bits_reset                          0x0800043d   Thumb Code     4  at32f421_gpio.o(i.gpio_bits_reset)
    gpio_bits_set                            0x08000441   Thumb Code     4  at32f421_gpio.o(i.gpio_bits_set)
    gpio_init                                0x08000445   Thumb Code   122  at32f421_gpio.o(i.gpio_init)
    gpio_set                                 0x080004bf   Thumb Code    48  main.o(i.gpio_set)
    main                                     0x080004f1   Thumb Code   282  main.o(i.main)
    nvic_irq_enable                          0x08000629   Thumb Code   190  at32f421_misc.o(i.nvic_irq_enable)
    timer_init                               0x080006f1   Thumb Code    76  main.o(i.timer_init)
    tmr_base_init                            0x08000741   Thumb Code    16  at32f421_tmr.o(i.tmr_base_init)
    tmr_channel_buffer_enable                0x08000751   Thumb Code    10  at32f421_tmr.o(i.tmr_channel_buffer_enable)
    tmr_counter_enable                       0x0800075b   Thumb Code    10  at32f421_tmr.o(i.tmr_counter_enable)
    tmr_period_value_set                     0x08000765   Thumb Code     4  at32f421_tmr.o(i.tmr_period_value_set)
    wdt_counter_reload                       0x08000769   Thumb Code    10  at32f421_wdt.o(i.wdt_counter_reload)
    wdt_divider_set                          0x08000779   Thumb Code    14  at32f421_wdt.o(i.wdt_divider_set)
    wdt_register_write_enable                0x0800078d   Thumb Code    20  at32f421_wdt.o(i.wdt_register_write_enable)
    Region$$Table$$Base                      0x080007a4   Number         0  anon$$obj.o(Region$$Table)
    Region$$Table$$Limit                     0x080007c4   Number         0  anon$$obj.o(Region$$Table)
    cmp_def                                  0x20000000   Data           4  main.o(.data)
    exi_def                                  0x20000004   Data           4  main.o(.data)
    __libspace_start                         0x20000008   Data          96  libspace.o(.bss)
    __temporary_stack_top$libspace           0x20000068   Data           0  libspace.o(.bss)



==============================================================================

Memory Map of the image

  Image Entry point : 0x080000cd

  Load Region LR_IROM1 (Base: 0x08000000, Size: 0x000007cc, Max: 0x00010000, ABSOLUTE)

    Execution Region ER_IROM1 (Exec base: 0x08000000, Load base: 0x08000000, Size: 0x000007c4, Max: 0x00010000, ABSOLUTE)

    Exec Addr    Load Addr    Size         Type   Attr      Idx    E Section Name        Object

    0x08000000   0x08000000   0x000000cc   Data   RO         1723    RESET               startup_at32f421.o
    0x080000cc   0x080000cc   0x00000008   Code   RO         1999  * !!!main             c_w.l(__main.o)
    0x080000d4   0x080000d4   0x00000034   Code   RO         2166    !!!scatter          c_w.l(__scatter.o)
    0x08000108   0x08000108   0x0000001a   Code   RO         2168    !!handler_copy      c_w.l(__scatter_copy.o)
    0x08000122   0x08000122   0x00000002   PAD
    0x08000124   0x08000124   0x0000001c   Code   RO         2170    !!handler_zi        c_w.l(__scatter_zi.o)
    0x08000140   0x08000140   0x00000002   Code   RO         2036    .ARM.Collect$$libinit$$00000000  c_w.l(libinit.o)
    0x08000142   0x08000142   0x00000000   Code   RO         2049    .ARM.Collect$$libinit$$00000002  c_w.l(libinit2.o)
    0x08000142   0x08000142   0x00000000   Code   RO         2051    .ARM.Collect$$libinit$$00000004  c_w.l(libinit2.o)
    0x08000142   0x08000142   0x00000000   Code   RO         2054    .ARM.Collect$$libinit$$0000000A  c_w.l(libinit2.o)
    0x08000142   0x08000142   0x00000000   Code   RO         2056    .ARM.Collect$$libinit$$0000000C  c_w.l(libinit2.o)
    0x08000142   0x08000142   0x00000000   Code   RO         2058    .ARM.Collect$$libinit$$0000000E  c_w.l(libinit2.o)
    0x08000142   0x08000142   0x00000000   Code   RO         2061    .ARM.Collect$$libinit$$00000011  c_w.l(libinit2.o)
    0x08000142   0x08000142   0x00000000   Code   RO         2063    .ARM.Collect$$libinit$$00000013  c_w.l(libinit2.o)
    0x08000142   0x08000142   0x00000000   Code   RO         2065    .ARM.Collect$$libinit$$00000015  c_w.l(libinit2.o)
    0x08000142   0x08000142   0x00000000   Code   RO         2067    .ARM.Collect$$libinit$$00000017  c_w.l(libinit2.o)
    0x08000142   0x08000142   0x00000000   Code   RO         2069    .ARM.Collect$$libinit$$00000019  c_w.l(libinit2.o)
    0x08000142   0x08000142   0x00000000   Code   RO         2071    .ARM.Collect$$libinit$$0000001B  c_w.l(libinit2.o)
    0x08000142   0x08000142   0x00000000   Code   RO         2073    .ARM.Collect$$libinit$$0000001D  c_w.l(libinit2.o)
    0x08000142   0x08000142   0x00000000   Code   RO         2075    .ARM.Collect$$libinit$$0000001F  c_w.l(libinit2.o)
    0x08000142   0x08000142   0x00000000   Code   RO         2077    .ARM.Collect$$libinit$$00000021  c_w.l(libinit2.o)
    0x08000142   0x08000142   0x00000000   Code   RO         2079    .ARM.Collect$$libinit$$00000023  c_w.l(libinit2.o)
    0x08000142   0x08000142   0x00000000   Code   RO         2081    .ARM.Collect$$libinit$$00000025  c_w.l(libinit2.o)
    0x08000142   0x08000142   0x00000000   Code   RO         2085    .ARM.Collect$$libinit$$0000002C  c_w.l(libinit2.o)
    0x08000142   0x08000142   0x00000000   Code   RO         2087    .ARM.Collect$$libinit$$0000002E  c_w.l(libinit2.o)
    0x08000142   0x08000142   0x00000000   Code   RO         2089    .ARM.Collect$$libinit$$00000030  c_w.l(libinit2.o)
    0x08000142   0x08000142   0x00000000   Code   RO         2091    .ARM.Collect$$libinit$$00000032  c_w.l(libinit2.o)
    0x08000142   0x08000142   0x00000002   Code   RO         2092    .ARM.Collect$$libinit$$00000033  c_w.l(libinit2.o)
    0x08000144   0x08000144   0x00000002   Code   RO         2123    .ARM.Collect$$libshutdown$$00000000  c_w.l(libshutdown.o)
    0x08000146   0x08000146   0x00000000   Code   RO         2149    .ARM.Collect$$libshutdown$$00000002  c_w.l(libshutdown2.o)
    0x08000146   0x08000146   0x00000000   Code   RO         2151    .ARM.Collect$$libshutdown$$00000004  c_w.l(libshutdown2.o)
    0x08000146   0x08000146   0x00000000   Code   RO         2154    .ARM.Collect$$libshutdown$$00000007  c_w.l(libshutdown2.o)
    0x08000146   0x08000146   0x00000000   Code   RO         2157    .ARM.Collect$$libshutdown$$0000000A  c_w.l(libshutdown2.o)
    0x08000146   0x08000146   0x00000000   Code   RO         2159    .ARM.Collect$$libshutdown$$0000000C  c_w.l(libshutdown2.o)
    0x08000146   0x08000146   0x00000000   Code   RO         2162    .ARM.Collect$$libshutdown$$0000000F  c_w.l(libshutdown2.o)
    0x08000146   0x08000146   0x00000002   Code   RO         2163    .ARM.Collect$$libshutdown$$00000010  c_w.l(libshutdown2.o)
    0x08000148   0x08000148   0x00000000   Code   RO         2001    .ARM.Collect$$rtentry$$00000000  c_w.l(__rtentry.o)
    0x08000148   0x08000148   0x00000000   Code   RO         2007    .ARM.Collect$$rtentry$$00000002  c_w.l(__rtentry2.o)
    0x08000148   0x08000148   0x00000006   Code   RO         2019    .ARM.Collect$$rtentry$$00000004  c_w.l(__rtentry4.o)
    0x0800014e   0x0800014e   0x00000000   Code   RO         2009    .ARM.Collect$$rtentry$$00000009  c_w.l(__rtentry2.o)
    0x0800014e   0x0800014e   0x00000004   Code   RO         2010    .ARM.Collect$$rtentry$$0000000A  c_w.l(__rtentry2.o)
    0x08000152   0x08000152   0x00000000   Code   RO         2012    .ARM.Collect$$rtentry$$0000000C  c_w.l(__rtentry2.o)
    0x08000152   0x08000152   0x00000008   Code   RO         2013    .ARM.Collect$$rtentry$$0000000D  c_w.l(__rtentry2.o)
    0x0800015a   0x0800015a   0x00000002   Code   RO         2040    .ARM.Collect$$rtexit$$00000000  c_w.l(rtexit.o)
    0x0800015c   0x0800015c   0x00000000   Code   RO         2096    .ARM.Collect$$rtexit$$00000002  c_w.l(rtexit2.o)
    0x0800015c   0x0800015c   0x00000004   Code   RO         2097    .ARM.Collect$$rtexit$$00000003  c_w.l(rtexit2.o)
    0x08000160   0x08000160   0x00000006   Code   RO         2098    .ARM.Collect$$rtexit$$00000004  c_w.l(rtexit2.o)
    0x08000166   0x08000166   0x00000002   PAD
    0x08000168   0x08000168   0x00000040   Code   RO         1724    .text               startup_at32f421.o
    0x080001a8   0x080001a8   0x00000006   Code   RO         1997    .text               c_w.l(heapauxi.o)
    0x080001ae   0x080001ae   0x0000004a   Code   RO         2023    .text               c_w.l(sys_stackheap_outer.o)
    0x080001f8   0x080001f8   0x00000012   Code   RO         2025    .text               c_w.l(exit.o)
    0x0800020a   0x0800020a   0x00000002   PAD
    0x0800020c   0x0800020c   0x00000008   Code   RO         2037    .text               c_w.l(libspace.o)
    0x08000214   0x08000214   0x0000000c   Code   RO         2093    .text               c_w.l(sys_exit.o)
    0x08000220   0x08000220   0x00000002   Code   RO         2112    .text               c_w.l(use_no_semi.o)
    0x08000222   0x08000222   0x00000000   Code   RO         2114    .text               c_w.l(indicate_semi.o)
    0x08000222   0x08000222   0x00000012   Code   RO            4    i.ADC1_CMP_IRQHandler  main.o
    0x08000234   0x08000234   0x0000006c   Code   RO         1731    i.SystemInit        system_at32f421.o
    0x080002a0   0x080002a0   0x00000040   Code   RO            5    i.TMR6_GLOBAL_IRQHandler  main.o
    0x080002e0   0x080002e0   0x00000012   Code   RO          370    i.cmp_default_para_init  at32f421_cmp.o
    0x080002f2   0x080002f2   0x00000002   PAD
    0x080002f4   0x080002f4   0x00000014   Code   RO          371    i.cmp_enable        at32f421_cmp.o
    0x08000308   0x08000308   0x00000044   Code   RO          470    i.crm_periph_clock_enable  at32f421_crm.o
    0x0800034c   0x0800034c   0x0000000a   Code   RO            6    i.delay             main.o
    0x08000356   0x08000356   0x0000000e   Code   RO         1768    i.exint_default_para_init  at32f421_exint.o
    0x08000364   0x08000364   0x00000020   Code   RO         1769    i.exint_event_enable  at32f421_exint.o
    0x08000384   0x08000384   0x00000098   Code   RO         1772    i.exint_init        at32f421_exint.o
    0x0800041c   0x0800041c   0x00000020   Code   RO         1773    i.exint_interrupt_enable  at32f421_exint.o
    0x0800043c   0x0800043c   0x00000004   Code   RO          958    i.gpio_bits_reset   at32f421_gpio.o
    0x08000440   0x08000440   0x00000004   Code   RO          959    i.gpio_bits_set     at32f421_gpio.o
    0x08000444   0x08000444   0x0000007a   Code   RO          962    i.gpio_init         at32f421_gpio.o
    0x080004be   0x080004be   0x00000030   Code   RO            7    i.gpio_set          main.o
    0x080004ee   0x080004ee   0x00000002   PAD
    0x080004f0   0x080004f0   0x00000138   Code   RO            8    i.main              main.o
    0x08000628   0x08000628   0x000000c8   Code   RO         1061    i.nvic_irq_enable   at32f421_misc.o
    0x080006f0   0x080006f0   0x00000050   Code   RO            9    i.timer_init        main.o
    0x08000740   0x08000740   0x00000010   Code   RO         1124    i.tmr_base_init     at32f421_tmr.o
    0x08000750   0x08000750   0x0000000a   Code   RO         1128    i.tmr_channel_buffer_enable  at32f421_tmr.o
    0x0800075a   0x0800075a   0x0000000a   Code   RO         1135    i.tmr_counter_enable  at32f421_tmr.o
    0x08000764   0x08000764   0x00000004   Code   RO         1171    i.tmr_period_value_set  at32f421_tmr.o
    0x08000768   0x08000768   0x00000010   Code   RO         1670    i.wdt_counter_reload  at32f421_wdt.o
    0x08000778   0x08000778   0x00000014   Code   RO         1671    i.wdt_divider_set   at32f421_wdt.o
    0x0800078c   0x0800078c   0x00000018   Code   RO         1674    i.wdt_register_write_enable  at32f421_wdt.o
    0x080007a4   0x080007a4   0x00000020   Data   RO         2164    Region$$Table       anon$$obj.o


    Execution Region RW_IRAM1 (Exec base: 0x20000000, Load base: 0x080007c4, Size: 0x00000668, Max: 0x00004000, ABSOLUTE)

    Exec Addr    Load Addr    Size         Type   Attr      Idx    E Section Name        Object

    0x20000000   0x080007c4   0x00000008   Data   RW           10    .data               main.o
    0x20000008        -       0x00000060   Zero   RW         2038    .bss                c_w.l(libspace.o)
    0x20000068        -       0x00000200   Zero   RW         1722    HEAP                startup_at32f421.o
    0x20000268        -       0x00000400   Zero   RW         1721    STACK               startup_at32f421.o


==============================================================================

Image component sizes


      Code (inc. data)   RO Data    RW Data    ZI Data      Debug   Object Name

        38          4          0          0          0       1561   at32f421_cmp.o
        68          6          0          0          0        578   at32f421_crm.o
       230         12          0          0          0       2589   at32f421_exint.o
       130          0          0          0          0       2054   at32f421_gpio.o
       200         10          0          0          0      31233   at32f421_misc.o
        40          0          0          0          0       2536   at32f421_tmr.o
        60         16          0          0          0       1479   at32f421_wdt.o
       532         38          0          8          0      44208   main.o
        64         26        204          0       1536        816   startup_at32f421.o
       108         12          0          0          0        497   system_at32f421.o

    ----------------------------------------------------------------------
      1474        124        236          8       1536      87551   Object Totals
         0          0         32          0          0          0   (incl. Generated)
         4          0          0          0          0          0   (incl. Padding)

    ----------------------------------------------------------------------

      Code (inc. data)   RO Data    RW Data    ZI Data      Debug   Library Member Name

         8          0          0          0          0         68   __main.o
         0          0          0          0          0          0   __rtentry.o
        12          0          0          0          0          0   __rtentry2.o
         6          0          0          0          0          0   __rtentry4.o
        52          8          0          0          0          0   __scatter.o
        26          0          0          0          0          0   __scatter_copy.o
        28          0          0          0          0          0   __scatter_zi.o
        18          0          0          0          0         80   exit.o
         6          0          0          0          0        152   heapauxi.o
         0          0          0          0          0          0   indicate_semi.o
         2          0          0          0          0          0   libinit.o
         2          0          0          0          0          0   libinit2.o
         2          0          0          0          0          0   libshutdown.o
         2          0          0          0          0          0   libshutdown2.o
         8          4          0          0         96         68   libspace.o
         2          0          0          0          0          0   rtexit.o
        10          0          0          0          0          0   rtexit2.o
        12          4          0          0          0         68   sys_exit.o
        74          0          0          0          0         80   sys_stackheap_outer.o
         2          0          0          0          0         68   use_no_semi.o

    ----------------------------------------------------------------------
       278         16          0          0         96        584   Library Totals
         6          0          0          0          0          0   (incl. Padding)

    ----------------------------------------------------------------------

      Code (inc. data)   RO Data    RW Data    ZI Data      Debug   Library Name

       272         16          0          0         96        584   c_w.l

    ----------------------------------------------------------------------
       278         16          0          0         96        584   Library Totals

    ----------------------------------------------------------------------

==============================================================================


      Code (inc. data)   RO Data    RW Data    ZI Data      Debug   

      1752        140        236          8       1632      86831   Grand Totals
      1752        140        236          8       1632      86831   ELF Image Totals
      1752        140        236          8          0          0   ROM Totals

==============================================================================

    Total RO  Size (Code + RO Data)                 1988 (   1.94kB)
    Total RW  Size (RW Data + ZI Data)              1640 (   1.60kB)
    Total ROM Size (Code + RO Data + RW Data)       1996 (   1.95kB)

==============================================================================

